eprsd.f:7027:17:

 6957 |       CALL DATA1(NN,1,MTRN)
      |                 2
......
 7027 |       CALL DATA1(H,-14,MTRN)
      |                 1
Warning: Type mismatch between actual argument at (1) and actual argument at (2) (REAL(4)/INTEGER(4)).
eprsd.f:4283:24:

 4283 |       CALL SYMBOL(X,Y,H,TTL,0.0,NC)
      |                        1
......
 7113 |       CALL SYMBOL(XX,Y0+0.7,0.15,TTX,90.0,5)
      |                                 2
Warning: Type mismatch between actual argument at (1) and actual argument at (2) (REAL(4)/CHARACTER(*)).
eprsd.f:5214:17:

 5214 |       CALL DATA2(NYI,1,NYF,1,MTRN)
      |                 1
......
 7032 |       CALL DATA2(DQ2,1,Q2MX,1,MTRN)
      |                 2
Warning: Type mismatch between actual argument at (1) and actual argument at (2) (INTEGER(4)/REAL(4)).
eprsd.f:5214:23:

 5214 |       CALL DATA2(NYI,1,NYF,1,MTRN)
      |                       1
......
 7032 |       CALL DATA2(DQ2,1,Q2MX,1,MTRN)
      |                       2
Warning: Type mismatch between actual argument at (1) and actual argument at (2) (INTEGER(4)/REAL(4)).
eprsd.f:5389:20:

 5139 |       CALL XCHG(HXD,4HIN  )
      |                    2
......
 5389 |       CALL XCHG(HPP,MTTL(MTP))
      |                    1
Warning: Type mismatch between actual argument at (1) and actual argument at (2) (INTEGER(4)/HOLLERITH).
eprsd.f:3949:17:

 3949 |       CALL DATA1(NIT,7,MTRN)
      |                 1
......
 6957 |       CALL DATA1(NN,1,MTRN)
      |                 2
Warning: Rank mismatch between actual argument at (1) and actual argument at (2) (scalar and rank-1)
eprsd.f:4031:17:

 4026 |       IF(NA.GT.1) CALL ASYMB(4HTHCM,2.0,-0.4,0.2,0.0)
      |                             2
......
 4031 |       CALL ASYMB(HPP,0.0,4.1,0.25,0.0)
      |                 1
Warning: Type mismatch between actual argument at (1) and actual argument at (2) (REAL(4)/HOLLERITH).
eprsd.f:2684:17:

 2684 |       CALL DATA3(MJL,1,ZM,1,ZZ,1,M)
      |                 1
......
 4014 |       CALL DATA3(DFXD,1,DQ2,1,DEPS,1,M)
      |                 2
Warning: Type mismatch between actual argument at (1) and actual argument at (2) (INTEGER(4)/REAL(4)).
eprsd.f:2801:17:

 2801 |       CALL DATA1(NBT,NNBT,M)
      |                 1
......
 6957 |       CALL DATA1(NN,1,MTRN)
      |                 2
Warning: Rank mismatch between actual argument at (1) and actual argument at (2) (scalar and rank-1)
eprsd.f:2900:46:

 2900 |       IF(MTRN.EQ.22) CALL PNCHPR(TITLE,PEM,NF)
      |                                              1
Warning: Type mismatch in argument 'ntl' at (1); passed REAL(4) to INTEGER(4)
eprsd.f:3003:23:

 3003 |       CALL DATA3(MJL,1,NFX,1,TTX,3,M)
      |                       1
......
 4014 |       CALL DATA3(DFXD,1,DQ2,1,DEPS,1,M)
      |                        2
Warning: Type mismatch between actual argument at (1) and actual argument at (2) (INTEGER(4)/REAL(4)).
eprsd.f:3003:29:

 3003 |       CALL DATA3(MJL,1,NFX,1,TTX,3,M)
      |                             1
......
 4014 |       CALL DATA3(DFXD,1,DQ2,1,DEPS,1,M)
      |                              2
Warning: Rank mismatch between actual argument at (1) and actual argument at (2) (scalar and rank-1)
eprsd.f:5833:29:

 4014 |       CALL DATA3(DFXD,1,DQ2,1,DEPS,1,M)
      |                              2
......
 5833 |       CALL DATA3(NY1,1,NYI,1,NYF,1,M)
      |                             1
Warning: Type mismatch between actual argument at (1) and actual argument at (2) (INTEGER(4)/REAL(4)).
eprsd.f:5888:17:

 5888 |       CALL DATA1(ITZ,25,M)
      |                 1
......
 6957 |       CALL DATA1(NN,1,MTRN)
      |                 2
Warning: Rank mismatch between actual argument at (1) and actual argument at (2) (scalar and rank-1)
eprsd.f:5930:40:

 5282 |       CALL EPRDX(NDF,T,ITP,MTP,NDX,ZX,ZERR,INPT,Q2,EPSG,PHIG,XEX,M)
      |                                           2
......
 5930 |       CALL EPRDX(NDF,T,IT,IP,ND,ZX,ZERR,DTTL,Q2,EP,PH,DUM,N)
      |                                        1
Warning: Type mismatch between actual argument at (1) and actual argument at (2) (REAL(4)/INTEGER(4)).
eprsd.f:7839:16:

 5139 |       CALL XCHG(HXD,4HIN  )
      |                2
......
 7839 |       CALL XCHG(YZ,4H    )
      |                1
Warning: Rank mismatch between actual argument at (1) and actual argument at (2) (scalar and rank-1)
eprsd.f:7350:17:

 6957 |       CALL DATA1(NN,1,MTRN)
      |                 2
......
 7350 |       CALL DATA1(NFX,20,M)
      |                 1
Warning: Rank mismatch between actual argument at (1) and actual argument at (2) (scalar and rank-1)
eprsd.f:5634:44:

 5282 |       CALL EPRDX(NDF,T,ITP,MTP,NDX,ZX,ZERR,INPT,Q2,EPSG,PHIG,XEX,M)
      |                                           2 
......
 5634 |       CALL EPRDX(NFLIN,T,IT,MTP,NDX,ZX,ZERR,INPT,Q2,EPSG,PHIG,XEX,N)
      |                                            1
Warning: Rank mismatch between actual argument at (1) and actual argument at (2) (rank-1 and scalar)
eprsd.f:2137:16:

 2137 |       CALL XCHG(TTLI,4HSP06)
      |                1
......
 5139 |       CALL XCHG(HXD,4HIN  )
      |                2
Warning: Rank mismatch between actual argument at (1) and actual argument at (2) (scalar and rank-1)
eprsd.f:2082:51:

 2082 |       IF(WCM.NE.WCMM) CALL EPRBORN(WCM,1000.0,EMPI)
      |                                                   1
Warning: Missing actual argument for argument '_formal_162' at (1)
eprsd.f:351:21:

  351 |       CALL EMSYM(MJL,IDUM(2*K-1))
      |                     1
......
 2864 |       CALL EMSYM(MJL,DUM(5))
      |                     2
Warning: Type mismatch between actual argument at (1) and actual argument at (2) (INTEGER(4)/REAL(4)).
eprsd.f:721:17:

  721 |       CALL DATA1(MSG,-24,MTRN)
      |                 1
......
 6957 |       CALL DATA1(NN,1,MTRN)
      |                 2
Warning: Rank mismatch between actual argument at (1) and actual argument at (2) (scalar and rank-1)
eprsd2.f:7140:23:

 6900 |       CALL DATA2(Z,1,PE,8,MTRN)
      |                     2  
......
 7140 |       CALL DATA2(DQ2,1,Q2MX,1,MTRN)
      |                       1
Warning: Rank mismatch between actual argument at (1) and actual argument at (2) (rank-1 and scalar)
eprsd2.f:7199:17:

 6803 |       CALL DATA1(NPS,8,MTRN)
      |                 2
......
 7199 |       CALL DATA1(HH,-11,MTRN)
      |                 1
Warning: Type mismatch between actual argument at (1) and actual argument at (2) (REAL(4)/INTEGER(4)).
eprsd2.f:6017:28:

 6017 |       CALL EPRKIN(WCM,WGX,1,EPI,ZK,QCM)
      |                            1
......
 7155 |       CALL EPRKIN(WRES,0.0,1,EPI,ZKX,QX)
      |                             2
Warning: Rank mismatch between actual argument at (1) and actual argument at (2) (rank-1 and scalar)
eprsd2.f:6988:31:

 6988 |       CALL SYMBOL(0.3,YSMB,0.2,H,0.0,4)
      |                               1
......
 7238 |       CALL SYMBOL(X0+XL-0.5,Y0-0.25,0.15,CSTR,0.0,5)
      |                                         2
Warning: Type mismatch between actual argument at (1) and actual argument at (2) (REAL(4)/CHARACTER(*)).
eprsd2.f:5088:17:

 5088 |     1 CALL DATA3(WX,1,Q20,1,Z,1,M)
      |                 1
......
 5683 |       CALL DATA3(MJL,1,NF,1,DUM,6,M)
      |                 2
Warning: Type mismatch between actual argument at (1) and actual argument at (2) (REAL(4)/INTEGER(4)).
eprsd2.f:5088:22:

 5088 |     1 CALL DATA3(WX,1,Q20,1,Z,1,M)
      |                      1
......
 5683 |       CALL DATA3(MJL,1,NF,1,DUM,6,M)
      |                       2
Warning: Type mismatch between actual argument at (1) and actual argument at (2) (REAL(4)/INTEGER(4)).
eprsd2.f:5088:28:

 5088 |     1 CALL DATA3(WX,1,Q20,1,Z,1,M)
      |                            1
......
 5683 |       CALL DATA3(MJL,1,NF,1,DUM,6,M)
      |                            2
Warning: Rank mismatch between actual argument at (1) and actual argument at (2) (rank-1 and scalar)
eprsd2.f:4974:23:

 4974 |       CALL DATA2(YMN,1,YMX,1,MTRN)
      |                       1
......
 6900 |       CALL DATA2(Z,1,PE,8,MTRN)
      |                     2  
Warning: Rank mismatch between actual argument at (1) and actual argument at (2) (rank-1 and scalar)
eprsd2.f:3557:19:

 3557 |       CALL XCHG(HH,MTTL(IR))
      |                   1
......
 6980 |       CALL XCHG(H,4HRes )
      |                  2 
Warning: Type mismatch between actual argument at (1) and actual argument at (2) (INTEGER(4)/HOLLERITH).
eprsd2.f:3559:17:

 3559 |       CALL ASYMB(HH,-0.1,2.0,0.2,90.0)
      |                 1
......
 4989 |       CALL ASYMB(4HWCM ,XL/2.0-0.4,-0.3,0.19,0.0)
      |                 2
Warning: Type mismatch between actual argument at (1) and actual argument at (2) (REAL(4)/HOLLERITH).
eprsd2.f:3220:23:

 3220 |       CALL DATA2(PHI,1,ALFA,1,NGO)
      |                       1
......
 6900 |       CALL DATA2(Z,1,PE,8,MTRN)
      |                     2  
Warning: Rank mismatch between actual argument at (1) and actual argument at (2) (rank-1 and scalar)
eprsd2.f:3225:23:

 3225 |       CALL DATA2(FRY,1,PCOL,1,NGO)
      |                       1
......
 6900 |       CALL DATA2(Z,1,PE,8,MTRN)
      |                     2  
Warning: Rank mismatch between actual argument at (1) and actual argument at (2) (rank-1 and scalar)
eprsd2.f:1281:26:

 1281 |       CALL EPRKIN(W,WGM,1,EPI,ZK,Q)
      |                          1
......
 7155 |       CALL EPRKIN(WRES,0.0,1,EPI,ZKX,QX)
      |                             2
Warning: Rank mismatch between actual argument at (1) and actual argument at (2) (rank-1 and scalar)
eprsd2.f:1318:17:

 1318 |       CALL DATA1(L,1,MTRN)
      |                 1
......
 6803 |       CALL DATA1(NPS,8,MTRN)
      |                 2
Warning: Rank mismatch between actual argument at (1) and actual argument at (2) (rank-1 and scalar)
eprsd2.f:51:17:

   51 |       CALL DATA1(NSIDE,1,MTRN)
      |                 1
......
 6803 |       CALL DATA1(NPS,8,MTRN)
      |                 2
Warning: Rank mismatch between actual argument at (1) and actual argument at (2) (rank-1 and scalar)
eprsd2.f:115:21:

  115 |       CALL DATA2(Z,1,Q2,1,MTRN)
      |                     1
......
 6900 |       CALL DATA2(Z,1,PE,8,MTRN)
      |                     2
Warning: Rank mismatch between actual argument at (1) and actual argument at (2) (rank-1 and scalar)
eprsd2.f:144:29:

  144 |       CALL DATA3(TMIN,1,DT,1,TMAX,1,MTRN)
      |                             1
......
 5683 |       CALL DATA3(MJL,1,NF,1,DUM,6,M)
      |                            2 
Warning: Rank mismatch between actual argument at (1) and actual argument at (2) (rank-1 and scalar)
eprsd2.f:296:17:

  296 |       CALL DATA1(K,1,MTRN)
      |                 1
......
 6803 |       CALL DATA1(NPS,8,MTRN)
      |                 2
Warning: Rank mismatch between actual argument at (1) and actual argument at (2) (rank-1 and scalar)
eprsd2.f:421:24:

  421 |       CALL DATA2(DLMH,1,DLPH,1,MTRN)
      |                        1
......
 6900 |       CALL DATA2(Z,1,PE,8,MTRN)
      |                     2   
Warning: Rank mismatch between actual argument at (1) and actual argument at (2) (rank-1 and scalar)
eprsd2.f:462:17:

  462 |       CALL DATA1(K,1,MTRN)
      |                 1
......
 6803 |       CALL DATA1(NPS,8,MTRN)
      |                 2
Warning: Rank mismatch between actual argument at (1) and actual argument at (2) (rank-1 and scalar)
eprsd2.f:502:17:

  502 |       CALL DATA1(NARG,1,MTRN)
      |                 1
......
 6803 |       CALL DATA1(NPS,8,MTRN)
      |                 2
Warning: Rank mismatch between actual argument at (1) and actual argument at (2) (rank-1 and scalar)
eprsd2.f:513:24:

  513 |       CALL DATA2(DLMH,1,DLPH,1,MTRN)
      |                        1
......
 6900 |       CALL DATA2(Z,1,PE,8,MTRN)
      |                     2   
Warning: Rank mismatch between actual argument at (1) and actual argument at (2) (rank-1 and scalar)
eprsd2.f:589:23:

  589 |       CALL DATA2(SGP,1,SGPP,1,MTRN)
      |                       1
......
 6900 |       CALL DATA2(Z,1,PE,8,MTRN)
      |                     2  
Warning: Rank mismatch between actual argument at (1) and actual argument at (2) (rank-1 and scalar)
eprsd2.f:965:36:

  965 |       CALL SYMB(XR+0.29,Y-0.05,0.12,YZ(2*K),0.0,3)
      |                                    1
......
 1410 |       IF(NSIDE.EQ.5) CALL SYMB(X-0.05,Y-0.05,0.1,'M',0.0,1)
      |                                                 2
Warning: Type mismatch between actual argument at (1) and actual argument at (2) (REAL(4)/CHARACTER(*)).
eprsd2.f:1012:38:

 1012 |       CALL DATA5(GPI2,1,GOM1,1,GOM2,1,GP1,1,GP2,1,MTRN)
      |                                      1
......
 5578 |       CALL DATA5(W,1,Q2,1,EPS,1,P,6,DP,6,M)
      |                                2      
Warning: Rank mismatch between actual argument at (1) and actual argument at (2) (rank-1 and scalar)
eprsd2.f:1012:44:

 1012 |       CALL DATA5(GPI2,1,GOM1,1,GOM2,1,GP1,1,GP2,1,MTRN)
      |                                            1
......
 5578 |       CALL DATA5(W,1,Q2,1,EPS,1,P,6,DP,6,M)
      |                                    2        
Warning: Rank mismatch between actual argument at (1) and actual argument at (2) (rank-1 and scalar)
eprsd2.f:1481:17:

 1481 |       CALL DATA1(IRX,1,MTRN)
      |                 1
......
 6803 |       CALL DATA1(NPS,8,MTRN)
      |                 2
Warning: Rank mismatch between actual argument at (1) and actual argument at (2) (rank-1 and scalar)
eprsd2.f:1492:17:

 1492 |       CALL DATA1(ITPT,1,MTRN)
      |                 1
......
 6803 |       CALL DATA1(NPS,8,MTRN)
      |                 2
Warning: Rank mismatch between actual argument at (1) and actual argument at (2) (rank-1 and scalar)
eprsd2.f:1504:23:

 1504 |       CALL DATA2(WMN,1,WMX,1,MTRN)
      |                       1
......
 6900 |       CALL DATA2(Z,1,PE,8,MTRN)
      |                     2  
Warning: Rank mismatch between actual argument at (1) and actual argument at (2) (rank-1 and scalar)
eprsd2.f:1514:25:

 1514 |       CALL DATA2(Q2MIN,1,Q2MAX,1,MTRN)
      |                         1
......
 6900 |       CALL DATA2(Z,1,PE,8,MTRN)
      |                     2    
Warning: Rank mismatch between actual argument at (1) and actual argument at (2) (rank-1 and scalar)
eprsd2.f:1625:40:

 1625 |       CALL EPRDX(NDF,T,IT,IP,ND,ZX,ZERR,INP,Q2X,EPX,PHX,DUM,N)
      |                                        1
......
 3631 |       CALL EPRDX(NDFF,T,ITX,MT,NDX,ZX,ZERR,TTX,Q2,EPSG,PHIG,XEX,M)
      |                                           2
Warning: Type mismatch between actual argument at (1) and actual argument at (2) (INTEGER(4)/REAL(4)).
eprsd2.f:1885:17:

 1885 |       CALL DATA1(IR,1,MTRN)
      |                 1
......
 6803 |       CALL DATA1(NPS,8,MTRN)
      |                 2
Warning: Rank mismatch between actual argument at (1) and actual argument at (2) (rank-1 and scalar)
eprsd2.f:1899:29:

 1899 |       CALL DATA3(Q2,1,EPSG,1,PHIG,1,MTRN)
      |                             1
......
 5683 |       CALL DATA3(MJL,1,NF,1,DUM,6,M)
      |                            2 
Warning: Rank mismatch between actual argument at (1) and actual argument at (2) (rank-1 and scalar)
eprsd2.f:1905:17:

 1905 |       CALL DATA1(IDV,1,MTRN)
      |                 1
......
 6803 |       CALL DATA1(NPS,8,MTRN)
      |                 2
Warning: Rank mismatch between actual argument at (1) and actual argument at (2) (rank-1 and scalar)
eprsd2.f:1914:31:

 1914 |       CALL DATA3(XMIN,1,XINC,1,XMAX,1,MTRN)
      |                               1
......
 5683 |       CALL DATA3(MJL,1,NF,1,DUM,6,M)
      |                            2   
Warning: Rank mismatch between actual argument at (1) and actual argument at (2) (rank-1 and scalar)
eprsd2.f:1941:33:

 1941 |       CALL DATA3(XFMIN,1,XFINC,1,XFMAX,1,MTRN)
      |                                 1
......
 5683 |       CALL DATA3(MJL,1,NF,1,DUM,6,M)
      |                            2     
Warning: Rank mismatch between actual argument at (1) and actual argument at (2) (rank-1 and scalar)
eprsd2.f:1955:17:

 1955 |       CALL DATA1(IH,-14,MTRN)
      |                 1
......
 6803 |       CALL DATA1(NPS,8,MTRN)
      |                 2
Warning: Rank mismatch between actual argument at (1) and actual argument at (2) (rank-1 and scalar)
eprsd2.f:1981:30:

 1981 |       CALL DATA3(DQ2,1,DEPS,1,DPHI,1,MTRN)
      |                              1
......
 5683 |       CALL DATA3(MJL,1,NF,1,DUM,6,M)
      |                            2  
Warning: Rank mismatch between actual argument at (1) and actual argument at (2) (rank-1 and scalar)
eprsd2.f:2006:25:

 2006 |       CALL DATA2(XFYMN,1,XFYMX,1,MTRN)
      |                         1
......
 6900 |       CALL DATA2(Z,1,PE,8,MTRN)
      |                     2    
Warning: Rank mismatch between actual argument at (1) and actual argument at (2) (rank-1 and scalar)
eprsd2.f:2087:27:

 2087 |       CALL DATA3(T,1,NDX,1,ZERR,1,M)
      |                           1
......
 5683 |       CALL DATA3(MJL,1,NF,1,DUM,6,M)
      |                            2
Warning: Rank mismatch between actual argument at (1) and actual argument at (2) (rank-1 and scalar)
eprsd2.f:2103:16:

 2103 |       CALL XCHG(INPT(J),XHA(J))
      |                1
......
 6980 |       CALL XCHG(H,4HRes )
      |                2
Warning: Type mismatch between actual argument at (1) and actual argument at (2) (INTEGER(4)/REAL(4)).
eprsd2.f:2298:17:

 2298 |       CALL DATA1(IR,1,MTRN)
      |                 1
......
 6803 |       CALL DATA1(NPS,8,MTRN)
      |                 2
Warning: Rank mismatch between actual argument at (1) and actual argument at (2) (rank-1 and scalar)
eprsd2.f:2369:29:

 2369 |       CALL DATA3(Q2,1,EPSG,1,PHIG,1,MTRN)
      |                             1
......
 5683 |       CALL DATA3(MJL,1,NF,1,DUM,6,M)
      |                            2 
Warning: Rank mismatch between actual argument at (1) and actual argument at (2) (rank-1 and scalar)
eprsd2.f:2452:17:

 2452 |       CALL DATA2(K,1,XEX,3,MTRN)
      |                 1
......
 6900 |       CALL DATA2(Z,1,PE,8,MTRN)
      |                 2
Warning: Type mismatch between actual argument at (1) and actual argument at (2) (INTEGER(4)/REAL(4)).
eprsd2.f:2781:17:

 2781 |       CALL DATA1(KSOL,1,MTRN)
      |                 1
......
 6803 |       CALL DATA1(NPS,8,MTRN)
      |                 2
Warning: Rank mismatch between actual argument at (1) and actual argument at (2) (rank-1 and scalar)
eprsd2.f:2803:24:

 2803 |       CALL DATA2(EMIN,1,EMAX,1,MTRN)
      |                        1
......
 6900 |       CALL DATA2(Z,1,PE,8,MTRN)
      |                     2   
Warning: Rank mismatch between actual argument at (1) and actual argument at (2) (rank-1 and scalar)
eprsd2.f:2823:17:

 2823 |       CALL DATA1(IR,1,MTRN)
      |                 1
......
 6803 |       CALL DATA1(NPS,8,MTRN)
      |                 2
Warning: Rank mismatch between actual argument at (1) and actual argument at (2) (rank-1 and scalar)
eprsd2.f:2833:17:

 2833 |       CALL DATA1(IX,-14,MTRN)
      |                 1
......
 6803 |       CALL DATA1(NPS,8,MTRN)
      |                 2
Warning: Rank mismatch between actual argument at (1) and actual argument at (2) (rank-1 and scalar)
eprsd2.f:2943:29:

 2943 |       CALL DATA3(ZMIN,1,DZ,1,ZMAX,1,MTRN)
      |                             1
......
 5683 |       CALL DATA3(MJL,1,NF,1,DUM,6,M)
      |                            2 
Warning: Rank mismatch between actual argument at (1) and actual argument at (2) (rank-1 and scalar)
eprsd2.f:3037:26:

 3037 |       CALL DATA2(NHATCH,1,ICOL,1,MTRN)
      |                          1
......
 6900 |       CALL DATA2(Z,1,PE,8,MTRN)
      |                     2     
Warning: Type mismatch between actual argument at (1) and actual argument at (2) (INTEGER(4)/REAL(4)).
eprsd2.f:4341:17:

 4341 |       CALL DATA1(IR0,1,MTRN)
      |                 1
......
 6803 |       CALL DATA1(NPS,8,MTRN)
      |                 2
Warning: Rank mismatch between actual argument at (1) and actual argument at (2) (rank-1 and scalar)
eprsd2.f:4384:24:

 4384 |       CALL DATA2(WCM0,1,Q20,1,MTRN)
      |                        1
......
 6900 |       CALL DATA2(Z,1,PE,8,MTRN)
      |                     2   
Warning: Rank mismatch between actual argument at (1) and actual argument at (2) (rank-1 and scalar)
eprsd2.f:4477:28:

 4477 |       CALL EPRKIN(T,WGM,IR0,EPIX,ZKX,QCX)
      |                            1
......
 7155 |       CALL EPRKIN(WRES,0.0,1,EPI,ZKX,QX)
      |                             2
Warning: Rank mismatch between actual argument at (1) and actual argument at (2) (rank-1 and scalar)
eprsd2.f:4599:28:

 4599 |       CALL EPRKIN(T,WGM,IR0,EPIX,ZKX,QCX)
      |                            1
......
 7155 |       CALL EPRKIN(WRES,0.0,1,EPI,ZKX,QX)
      |                             2
Warning: Rank mismatch between actual argument at (1) and actual argument at (2) (rank-1 and scalar)
eprsd2.f:4730:24:

 4730 |       CALL DATA2(SFMN,1,SFMX,1,MTRN)
      |                        1
......
 6900 |       CALL DATA2(Z,1,PE,8,MTRN)
      |                     2   
Warning: Rank mismatch between actual argument at (1) and actual argument at (2) (rank-1 and scalar)
eprsd2.f:5129:23:

 5129 |       CALL DATA2(DQ2,1,Q2MAX,1,MTRN)
      |                       1
......
 6900 |       CALL DATA2(Z,1,PE,8,MTRN)
      |                     2  
Warning: Rank mismatch between actual argument at (1) and actual argument at (2) (rank-1 and scalar)
eprsd2.f:5315:24:

 5315 |       CALL DATA2(RMIN,1,RMAX,1,MTRN)
      |                        1
......
 6900 |       CALL DATA2(Z,1,PE,8,MTRN)
      |                     2   
Warning: Rank mismatch between actual argument at (1) and actual argument at (2) (rank-1 and scalar)
eprsd2.f:5765:23:

 5765 |       CALL DATA2(DQ2,1,Q2MAX,1,MTRN)
      |                       1
......
 6900 |       CALL DATA2(Z,1,PE,8,MTRN)
      |                     2  
Warning: Rank mismatch between actual argument at (1) and actual argument at (2) (rank-1 and scalar)
eprsd2.f:5932:24:

 5932 |       CALL DATA2(FMIN,1,FMAX,1,MTRN)
      |                        1
......
 6900 |       CALL DATA2(Z,1,PE,8,MTRN)
      |                     2   
Warning: Rank mismatch between actual argument at (1) and actual argument at (2) (rank-1 and scalar)
eprsd2.f:6151:17:

 6151 |       CALL DATA1(K,1,MTRN)
      |                 1
......
 6803 |       CALL DATA1(NPS,8,MTRN)
      |                 2
Warning: Rank mismatch between actual argument at (1) and actual argument at (2) (rank-1 and scalar)
eprsd2.f:6189:24:

 6189 |       CALL DATA2(WMIN,1,WMAX,1,MTRN)
      |                        1
......
 6900 |       CALL DATA2(Z,1,PE,8,MTRN)
      |                     2   
Warning: Rank mismatch between actual argument at (1) and actual argument at (2) (rank-1 and scalar)
eprsd2.f:6554:17:

 6554 |       CALL DATA1(NFEM,1,MTRN)
      |                 1
......
 6803 |       CALL DATA1(NPS,8,MTRN)
      |                 2
Warning: Rank mismatch between actual argument at (1) and actual argument at (2) (rank-1 and scalar)
eprsd2.f:7320:29:

 5683 |       CALL DATA3(MJL,1,NF,1,DUM,6,M)
      |                            2 
......
 7320 |       CALL DATA3(WMIN,1,DW,1,WMAX,1,MTRN)
      |                             1
Warning: Rank mismatch between actual argument at (1) and actual argument at (2) (rank-1 and scalar)
eprsd2.f:7400:30:

 7155 |       CALL EPRKIN(WRES,0.0,1,EPI,ZKX,QX)
      |                             2 
......
 7400 |       CALL EPRKIN(E(IE),WGX,1,EPZ,ZKCM(IE),Q0)
      |                              1
Warning: Rank mismatch between actual argument at (1) and actual argument at (2) (rank-1 and scalar)
eprsd2.f:7516:30:

 7155 |       CALL EPRKIN(WRES,0.0,1,EPI,ZKX,QX)
      |                             2 
......
 7516 |       CALL EPRKIN(E(IE),WGX,1,EPZ,ZKCM(IE),Q0)
      |                              1
Warning: Rank mismatch between actual argument at (1) and actual argument at (2) (rank-1 and scalar)
eprsd2.f:7605:29:

 5683 |       CALL DATA3(MJL,1,NF,1,DUM,6,M)
      |                            2 
......
 7605 |       CALL DATA3(WMIN,1,DW,1,WMAX,1,MTRN)
      |                             1
Warning: Rank mismatch between actual argument at (1) and actual argument at (2) (rank-1 and scalar)
epru.f:915:12:

  914 |       DO 5 J=1,20
      |                 2
  915 |       K=JRF(J)
      |            1
Warning: Array reference at (1) out of bounds (20 > 18) in loop beginning at (2)
epru.f:782:17:

  759 |       CALL DATA1(T,1,M)
      |                 2
......
  782 |       CALL DATA1(DTA,II,M)
      |                 1
Warning: Rank mismatch between actual argument at (1) and actual argument at (2) (scalar and rank-1)
epru.f:1135:17:

  759 |       CALL DATA1(T,1,M)
      |                 2
......
 1135 |       CALL DATA1(NGEH,1,M)
      |                 1
Warning: Type mismatch between actual argument at (1) and actual argument at (2) (INTEGER(4)/REAL(4)).
pru.f:3882:11:

 3881 |    10 DO 20 L=1,8
      |                 2
 3882 |       ISYM(L)=IPW(NN,L)
      |           1
Warning: Array reference at (1) out of bounds (8 > 2) in loop beginning at (2)
pru.f:5456:18:

 5456 |       CALL SPLINE(W_sp, del_s11,143, yp1, ypn, del_s11_ss)
      |                  1
Warning: Actual argument contains too few elements for dummy argument 'x' (143/200) at (1)
pru.f:5456:24:

 5456 |       CALL SPLINE(W_sp, del_s11,143, yp1, ypn, del_s11_ss)
      |                        1
Warning: Actual argument contains too few elements for dummy argument 'y' (143/200) at (1)
pru.f:5456:47:

 5456 |       CALL SPLINE(W_sp, del_s11,143, yp1, ypn, del_s11_ss)
      |                                               1
Warning: Actual argument contains too few elements for dummy argument 'y2' (143/200) at (1)
pru.f:5457:18:

 5457 |       CALL SPLINE(W_sp, eta_s11,143, yp1, ypn, eta_s11_ss)
      |                  1
Warning: Actual argument contains too few elements for dummy argument 'x' (143/200) at (1)
pru.f:5457:24:

 5457 |       CALL SPLINE(W_sp, eta_s11,143, yp1, ypn, eta_s11_ss)
      |                        1
Warning: Actual argument contains too few elements for dummy argument 'y' (143/200) at (1)
pru.f:5457:47:

 5457 |       CALL SPLINE(W_sp, eta_s11,143, yp1, ypn, eta_s11_ss)
      |                                               1
Warning: Actual argument contains too few elements for dummy argument 'y2' (143/200) at (1)
pru.f:5458:18:

 5458 |       CALL SPLINE(W_sp, del_s31,143, yp1, ypn, del_s31_ss)
      |                  1
Warning: Actual argument contains too few elements for dummy argument 'x' (143/200) at (1)
pru.f:5458:24:

 5458 |       CALL SPLINE(W_sp, del_s31,143, yp1, ypn, del_s31_ss)
      |                        1
Warning: Actual argument contains too few elements for dummy argument 'y' (143/200) at (1)
pru.f:5458:47:

 5458 |       CALL SPLINE(W_sp, del_s31,143, yp1, ypn, del_s31_ss)
      |                                               1
Warning: Actual argument contains too few elements for dummy argument 'y2' (143/200) at (1)
pru.f:5459:18:

 5459 |       CALL SPLINE(W_sp, eta_s31,143, yp1, ypn, eta_s31_ss)
      |                  1
Warning: Actual argument contains too few elements for dummy argument 'x' (143/200) at (1)
pru.f:5459:24:

 5459 |       CALL SPLINE(W_sp, eta_s31,143, yp1, ypn, eta_s31_ss)
      |                        1
Warning: Actual argument contains too few elements for dummy argument 'y' (143/200) at (1)
pru.f:5459:47:

 5459 |       CALL SPLINE(W_sp, eta_s31,143, yp1, ypn, eta_s31_ss)
      |                                               1
Warning: Actual argument contains too few elements for dummy argument 'y2' (143/200) at (1)
pru.f:5460:18:

 5460 |       CALL SPLINE(W_sp, del_p11,143, yp1, ypn, del_p11_ss)
      |                  1
Warning: Actual argument contains too few elements for dummy argument 'x' (143/200) at (1)
pru.f:5460:24:

 5460 |       CALL SPLINE(W_sp, del_p11,143, yp1, ypn, del_p11_ss)
      |                        1
Warning: Actual argument contains too few elements for dummy argument 'y' (143/200) at (1)
pru.f:5460:47:

 5460 |       CALL SPLINE(W_sp, del_p11,143, yp1, ypn, del_p11_ss)
      |                                               1
Warning: Actual argument contains too few elements for dummy argument 'y2' (143/200) at (1)
pru.f:5461:18:

 5461 |       CALL SPLINE(W_sp, eta_p11,143, yp1, ypn, eta_p11_ss)
      |                  1
Warning: Actual argument contains too few elements for dummy argument 'x' (143/200) at (1)
pru.f:5461:24:

 5461 |       CALL SPLINE(W_sp, eta_p11,143, yp1, ypn, eta_p11_ss)
      |                        1
Warning: Actual argument contains too few elements for dummy argument 'y' (143/200) at (1)
pru.f:5461:47:

 5461 |       CALL SPLINE(W_sp, eta_p11,143, yp1, ypn, eta_p11_ss)
      |                                               1
Warning: Actual argument contains too few elements for dummy argument 'y2' (143/200) at (1)
pru.f:5462:18:

 5462 |       CALL SPLINE(W_sp, del_p31,143, yp1, ypn, del_p31_ss)
      |                  1
Warning: Actual argument contains too few elements for dummy argument 'x' (143/200) at (1)
pru.f:5462:24:

 5462 |       CALL SPLINE(W_sp, del_p31,143, yp1, ypn, del_p31_ss)
      |                        1
Warning: Actual argument contains too few elements for dummy argument 'y' (143/200) at (1)
pru.f:5462:47:

 5462 |       CALL SPLINE(W_sp, del_p31,143, yp1, ypn, del_p31_ss)
      |                                               1
Warning: Actual argument contains too few elements for dummy argument 'y2' (143/200) at (1)
pru.f:5463:18:

 5463 |       CALL SPLINE(W_sp, eta_p31,143, yp1, ypn, eta_p31_ss)
      |                  1
Warning: Actual argument contains too few elements for dummy argument 'x' (143/200) at (1)
pru.f:5463:24:

 5463 |       CALL SPLINE(W_sp, eta_p31,143, yp1, ypn, eta_p31_ss)
      |                        1
Warning: Actual argument contains too few elements for dummy argument 'y' (143/200) at (1)
pru.f:5463:47:

 5463 |       CALL SPLINE(W_sp, eta_p31,143, yp1, ypn, eta_p31_ss)
      |                                               1
Warning: Actual argument contains too few elements for dummy argument 'y2' (143/200) at (1)
pru.f:5464:18:

 5464 |       CALL SPLINE(W_sp, del_p13,143, yp1, ypn, del_p13_ss)
      |                  1
Warning: Actual argument contains too few elements for dummy argument 'x' (143/200) at (1)
pru.f:5464:24:

 5464 |       CALL SPLINE(W_sp, del_p13,143, yp1, ypn, del_p13_ss)
      |                        1
Warning: Actual argument contains too few elements for dummy argument 'y' (143/200) at (1)
pru.f:5464:47:

 5464 |       CALL SPLINE(W_sp, del_p13,143, yp1, ypn, del_p13_ss)
      |                                               1
Warning: Actual argument contains too few elements for dummy argument 'y2' (143/200) at (1)
pru.f:5465:18:

 5465 |       CALL SPLINE(W_sp, eta_p13,143, yp1, ypn, eta_p13_ss)
      |                  1
Warning: Actual argument contains too few elements for dummy argument 'x' (143/200) at (1)
pru.f:5465:24:

 5465 |       CALL SPLINE(W_sp, eta_p13,143, yp1, ypn, eta_p13_ss)
      |                        1
Warning: Actual argument contains too few elements for dummy argument 'y' (143/200) at (1)
pru.f:5465:47:

 5465 |       CALL SPLINE(W_sp, eta_p13,143, yp1, ypn, eta_p13_ss)
      |                                               1
Warning: Actual argument contains too few elements for dummy argument 'y2' (143/200) at (1)
pru.f:5466:18:

 5466 |       CALL SPLINE(W_sp, del_p33,143, yp1, ypn, del_p33_ss)
      |                  1
Warning: Actual argument contains too few elements for dummy argument 'x' (143/200) at (1)
pru.f:5466:24:

 5466 |       CALL SPLINE(W_sp, del_p33,143, yp1, ypn, del_p33_ss)
      |                        1
Warning: Actual argument contains too few elements for dummy argument 'y' (143/200) at (1)
pru.f:5466:47:

 5466 |       CALL SPLINE(W_sp, del_p33,143, yp1, ypn, del_p33_ss)
      |                                               1
Warning: Actual argument contains too few elements for dummy argument 'y2' (143/200) at (1)
pru.f:5467:18:

 5467 |       CALL SPLINE(W_sp, eta_p33,143, yp1, ypn, eta_p33_ss)
      |                  1
Warning: Actual argument contains too few elements for dummy argument 'x' (143/200) at (1)
pru.f:5467:24:

 5467 |       CALL SPLINE(W_sp, eta_p33,143, yp1, ypn, eta_p33_ss)
      |                        1
Warning: Actual argument contains too few elements for dummy argument 'y' (143/200) at (1)
pru.f:5467:47:

 5467 |       CALL SPLINE(W_sp, eta_p33,143, yp1, ypn, eta_p33_ss)
      |                                               1
Warning: Actual argument contains too few elements for dummy argument 'y2' (143/200) at (1)
pru.f:5468:18:

 5468 |       CALL SPLINE(W_sp, del_d13,143, yp1, ypn, del_d13_ss)
      |                  1
Warning: Actual argument contains too few elements for dummy argument 'x' (143/200) at (1)
pru.f:5468:24:

 5468 |       CALL SPLINE(W_sp, del_d13,143, yp1, ypn, del_d13_ss)
      |                        1
Warning: Actual argument contains too few elements for dummy argument 'y' (143/200) at (1)
pru.f:5468:47:

 5468 |       CALL SPLINE(W_sp, del_d13,143, yp1, ypn, del_d13_ss)
      |                                               1
Warning: Actual argument contains too few elements for dummy argument 'y2' (143/200) at (1)
pru.f:5469:18:

 5469 |       CALL SPLINE(W_sp, eta_d13,143, yp1, ypn, eta_d13_ss)
      |                  1
Warning: Actual argument contains too few elements for dummy argument 'x' (143/200) at (1)
pru.f:5469:24:

 5469 |       CALL SPLINE(W_sp, eta_d13,143, yp1, ypn, eta_d13_ss)
      |                        1
Warning: Actual argument contains too few elements for dummy argument 'y' (143/200) at (1)
pru.f:5469:47:

 5469 |       CALL SPLINE(W_sp, eta_d13,143, yp1, ypn, eta_d13_ss)
      |                                               1
Warning: Actual argument contains too few elements for dummy argument 'y2' (143/200) at (1)
pru.f:5470:18:

 5470 |       CALL SPLINE(W_sp, del_d33,143, yp1, ypn, del_d33_ss)
      |                  1
Warning: Actual argument contains too few elements for dummy argument 'x' (143/200) at (1)
pru.f:5470:24:

 5470 |       CALL SPLINE(W_sp, del_d33,143, yp1, ypn, del_d33_ss)
      |                        1
Warning: Actual argument contains too few elements for dummy argument 'y' (143/200) at (1)
pru.f:5470:47:

 5470 |       CALL SPLINE(W_sp, del_d33,143, yp1, ypn, del_d33_ss)
      |                                               1
Warning: Actual argument contains too few elements for dummy argument 'y2' (143/200) at (1)
pru.f:5471:18:

 5471 |       CALL SPLINE(W_sp, eta_d33,143, yp1, ypn, eta_d33_ss)
      |                  1
Warning: Actual argument contains too few elements for dummy argument 'x' (143/200) at (1)
pru.f:5471:24:

 5471 |       CALL SPLINE(W_sp, eta_d33,143, yp1, ypn, eta_d33_ss)
      |                        1
Warning: Actual argument contains too few elements for dummy argument 'y' (143/200) at (1)
pru.f:5471:47:

 5471 |       CALL SPLINE(W_sp, eta_d33,143, yp1, ypn, eta_d33_ss)
      |                                               1
Warning: Actual argument contains too few elements for dummy argument 'y2' (143/200) at (1)
pru.f:5472:18:

 5472 |       CALL SPLINE(W_sp, del_d15,143, yp1, ypn, del_d15_ss)
      |                  1
Warning: Actual argument contains too few elements for dummy argument 'x' (143/200) at (1)
pru.f:5472:24:

 5472 |       CALL SPLINE(W_sp, del_d15,143, yp1, ypn, del_d15_ss)
      |                        1
Warning: Actual argument contains too few elements for dummy argument 'y' (143/200) at (1)
pru.f:5472:47:

 5472 |       CALL SPLINE(W_sp, del_d15,143, yp1, ypn, del_d15_ss)
      |                                               1
Warning: Actual argument contains too few elements for dummy argument 'y2' (143/200) at (1)
pru.f:5473:18:

 5473 |       CALL SPLINE(W_sp, eta_d15,143, yp1, ypn, eta_d15_ss)
      |                  1
Warning: Actual argument contains too few elements for dummy argument 'x' (143/200) at (1)
pru.f:5473:24:

 5473 |       CALL SPLINE(W_sp, eta_d15,143, yp1, ypn, eta_d15_ss)
      |                        1
Warning: Actual argument contains too few elements for dummy argument 'y' (143/200) at (1)
pru.f:5473:47:

 5473 |       CALL SPLINE(W_sp, eta_d15,143, yp1, ypn, eta_d15_ss)
      |                                               1
Warning: Actual argument contains too few elements for dummy argument 'y2' (143/200) at (1)
pru.f:5474:18:

 5474 |       CALL SPLINE(W_sp, del_d35,143, yp1, ypn, del_d35_ss)
      |                  1
Warning: Actual argument contains too few elements for dummy argument 'x' (143/200) at (1)
pru.f:5474:24:

 5474 |       CALL SPLINE(W_sp, del_d35,143, yp1, ypn, del_d35_ss)
      |                        1
Warning: Actual argument contains too few elements for dummy argument 'y' (143/200) at (1)
pru.f:5474:47:

 5474 |       CALL SPLINE(W_sp, del_d35,143, yp1, ypn, del_d35_ss)
      |                                               1
Warning: Actual argument contains too few elements for dummy argument 'y2' (143/200) at (1)
pru.f:5475:18:

 5475 |       CALL SPLINE(W_sp, eta_d35,143, yp1, ypn, eta_d35_ss)
      |                  1
Warning: Actual argument contains too few elements for dummy argument 'x' (143/200) at (1)
pru.f:5475:24:

 5475 |       CALL SPLINE(W_sp, eta_d35,143, yp1, ypn, eta_d35_ss)
      |                        1
Warning: Actual argument contains too few elements for dummy argument 'y' (143/200) at (1)
pru.f:5475:47:

 5475 |       CALL SPLINE(W_sp, eta_d35,143, yp1, ypn, eta_d35_ss)
      |                                               1
Warning: Actual argument contains too few elements for dummy argument 'y2' (143/200) at (1)
pru.f:5476:18:

 5476 |       CALL SPLINE(W_sp, del_f15,143, yp1, ypn, del_f15_ss)
      |                  1
Warning: Actual argument contains too few elements for dummy argument 'x' (143/200) at (1)
pru.f:5476:24:

 5476 |       CALL SPLINE(W_sp, del_f15,143, yp1, ypn, del_f15_ss)
      |                        1
Warning: Actual argument contains too few elements for dummy argument 'y' (143/200) at (1)
pru.f:5476:47:

 5476 |       CALL SPLINE(W_sp, del_f15,143, yp1, ypn, del_f15_ss)
      |                                               1
Warning: Actual argument contains too few elements for dummy argument 'y2' (143/200) at (1)
pru.f:5477:18:

 5477 |       CALL SPLINE(W_sp, eta_f15,143, yp1, ypn, eta_f15_ss)
      |                  1
Warning: Actual argument contains too few elements for dummy argument 'x' (143/200) at (1)
pru.f:5477:24:

 5477 |       CALL SPLINE(W_sp, eta_f15,143, yp1, ypn, eta_f15_ss)
      |                        1
Warning: Actual argument contains too few elements for dummy argument 'y' (143/200) at (1)
pru.f:5477:47:

 5477 |       CALL SPLINE(W_sp, eta_f15,143, yp1, ypn, eta_f15_ss)
      |                                               1
Warning: Actual argument contains too few elements for dummy argument 'y2' (143/200) at (1)
pru.f:5478:18:

 5478 |       CALL SPLINE(W_sp, del_f35,143, yp1, ypn, del_f35_ss)
      |                  1
Warning: Actual argument contains too few elements for dummy argument 'x' (143/200) at (1)
pru.f:5478:24:

 5478 |       CALL SPLINE(W_sp, del_f35,143, yp1, ypn, del_f35_ss)
      |                        1
Warning: Actual argument contains too few elements for dummy argument 'y' (143/200) at (1)
pru.f:5478:47:

 5478 |       CALL SPLINE(W_sp, del_f35,143, yp1, ypn, del_f35_ss)
      |                                               1
Warning: Actual argument contains too few elements for dummy argument 'y2' (143/200) at (1)
pru.f:5479:18:

 5479 |       CALL SPLINE(W_sp, eta_f35,143, yp1, ypn, eta_f35_ss)
      |                  1
Warning: Actual argument contains too few elements for dummy argument 'x' (143/200) at (1)
pru.f:5479:24:

 5479 |       CALL SPLINE(W_sp, eta_f35,143, yp1, ypn, eta_f35_ss)
      |                        1
Warning: Actual argument contains too few elements for dummy argument 'y' (143/200) at (1)
pru.f:5479:47:

 5479 |       CALL SPLINE(W_sp, eta_f35,143, yp1, ypn, eta_f35_ss)
      |                                               1
Warning: Actual argument contains too few elements for dummy argument 'y2' (143/200) at (1)
pru.f:5480:18:

 5480 |       CALL SPLINE(W_sp, del_f37,143, yp1, ypn, del_f37_ss)
      |                  1
Warning: Actual argument contains too few elements for dummy argument 'x' (143/200) at (1)
pru.f:5480:24:

 5480 |       CALL SPLINE(W_sp, del_f37,143, yp1, ypn, del_f37_ss)
      |                        1
Warning: Actual argument contains too few elements for dummy argument 'y' (143/200) at (1)
pru.f:5480:47:

 5480 |       CALL SPLINE(W_sp, del_f37,143, yp1, ypn, del_f37_ss)
      |                                               1
Warning: Actual argument contains too few elements for dummy argument 'y2' (143/200) at (1)
pru.f:5481:18:

 5481 |       CALL SPLINE(W_sp, eta_f37,143, yp1, ypn, eta_f37_ss)
      |                  1
Warning: Actual argument contains too few elements for dummy argument 'x' (143/200) at (1)
pru.f:5481:24:

 5481 |       CALL SPLINE(W_sp, eta_f37,143, yp1, ypn, eta_f37_ss)
      |                        1
Warning: Actual argument contains too few elements for dummy argument 'y' (143/200) at (1)
pru.f:5481:47:

 5481 |       CALL SPLINE(W_sp, eta_f37,143, yp1, ypn, eta_f37_ss)
      |                                               1
Warning: Actual argument contains too few elements for dummy argument 'y2' (143/200) at (1)
pru.f:5530:18:

 5530 |       CALL SPLINE(W_sp, del_s11, 143, yp1, ypn, del_s11_ss)
      |                  1
Warning: Actual argument contains too few elements for dummy argument 'x' (143/200) at (1)
pru.f:5530:24:

 5530 |       CALL SPLINE(W_sp, del_s11, 143, yp1, ypn, del_s11_ss)
      |                        1
Warning: Actual argument contains too few elements for dummy argument 'y' (143/200) at (1)
pru.f:5530:48:

 5530 |       CALL SPLINE(W_sp, del_s11, 143, yp1, ypn, del_s11_ss)
      |                                                1
Warning: Actual argument contains too few elements for dummy argument 'y2' (143/200) at (1)
pru.f:5531:18:

 5531 |       CALL SPLINE(W_sp, eta_s11, 143, yp1, ypn, eta_s11_ss)
      |                  1
Warning: Actual argument contains too few elements for dummy argument 'x' (143/200) at (1)
pru.f:5531:24:

 5531 |       CALL SPLINE(W_sp, eta_s11, 143, yp1, ypn, eta_s11_ss)
      |                        1
Warning: Actual argument contains too few elements for dummy argument 'y' (143/200) at (1)
pru.f:5531:48:

 5531 |       CALL SPLINE(W_sp, eta_s11, 143, yp1, ypn, eta_s11_ss)
      |                                                1
Warning: Actual argument contains too few elements for dummy argument 'y2' (143/200) at (1)
pru.f:5541:18:

 5541 |       CALL SPLINE(W_sp, del_s31, 143, yp1, ypn, del_s31_ss)
      |                  1
Warning: Actual argument contains too few elements for dummy argument 'x' (143/200) at (1)
pru.f:5541:24:

 5541 |       CALL SPLINE(W_sp, del_s31, 143, yp1, ypn, del_s31_ss)
      |                        1
Warning: Actual argument contains too few elements for dummy argument 'y' (143/200) at (1)
pru.f:5541:48:

 5541 |       CALL SPLINE(W_sp, del_s31, 143, yp1, ypn, del_s31_ss)
      |                                                1
Warning: Actual argument contains too few elements for dummy argument 'y2' (143/200) at (1)
pru.f:5542:18:

 5542 |       CALL SPLINE(W_sp, eta_s31, 143, yp1, ypn, eta_s31_ss)
      |                  1
Warning: Actual argument contains too few elements for dummy argument 'x' (143/200) at (1)
pru.f:5542:24:

 5542 |       CALL SPLINE(W_sp, eta_s31, 143, yp1, ypn, eta_s31_ss)
      |                        1
Warning: Actual argument contains too few elements for dummy argument 'y' (143/200) at (1)
pru.f:5542:48:

 5542 |       CALL SPLINE(W_sp, eta_s31, 143, yp1, ypn, eta_s31_ss)
      |                                                1
Warning: Actual argument contains too few elements for dummy argument 'y2' (143/200) at (1)
pru.f:5552:18:

 5552 |       CALL SPLINE(W_sp, del_p11, 143, yp1, ypn, del_p11_ss)
      |                  1
Warning: Actual argument contains too few elements for dummy argument 'x' (143/200) at (1)
pru.f:5552:24:

 5552 |       CALL SPLINE(W_sp, del_p11, 143, yp1, ypn, del_p11_ss)
      |                        1
Warning: Actual argument contains too few elements for dummy argument 'y' (143/200) at (1)
pru.f:5552:48:

 5552 |       CALL SPLINE(W_sp, del_p11, 143, yp1, ypn, del_p11_ss)
      |                                                1
Warning: Actual argument contains too few elements for dummy argument 'y2' (143/200) at (1)
pru.f:5553:18:

 5553 |       CALL SPLINE(W_sp, eta_p11, 143, yp1, ypn, eta_p11_ss)
      |                  1
Warning: Actual argument contains too few elements for dummy argument 'x' (143/200) at (1)
pru.f:5553:24:

 5553 |       CALL SPLINE(W_sp, eta_p11, 143, yp1, ypn, eta_p11_ss)
      |                        1
Warning: Actual argument contains too few elements for dummy argument 'y' (143/200) at (1)
pru.f:5553:48:

 5553 |       CALL SPLINE(W_sp, eta_p11, 143, yp1, ypn, eta_p11_ss)
      |                                                1
Warning: Actual argument contains too few elements for dummy argument 'y2' (143/200) at (1)
pru.f:5563:18:

 5563 |       CALL SPLINE(W_sp, del_p31, 143, yp1, ypn, del_p31_ss)
      |                  1
Warning: Actual argument contains too few elements for dummy argument 'x' (143/200) at (1)
pru.f:5563:24:

 5563 |       CALL SPLINE(W_sp, del_p31, 143, yp1, ypn, del_p31_ss)
      |                        1
Warning: Actual argument contains too few elements for dummy argument 'y' (143/200) at (1)
pru.f:5563:48:

 5563 |       CALL SPLINE(W_sp, del_p31, 143, yp1, ypn, del_p31_ss)
      |                                                1
Warning: Actual argument contains too few elements for dummy argument 'y2' (143/200) at (1)
pru.f:5564:18:

 5564 |       CALL SPLINE(W_sp, eta_p31, 143, yp1, ypn, eta_p31_ss)
      |                  1
Warning: Actual argument contains too few elements for dummy argument 'x' (143/200) at (1)
pru.f:5564:24:

 5564 |       CALL SPLINE(W_sp, eta_p31, 143, yp1, ypn, eta_p31_ss)
      |                        1
Warning: Actual argument contains too few elements for dummy argument 'y' (143/200) at (1)
pru.f:5564:48:

 5564 |       CALL SPLINE(W_sp, eta_p31, 143, yp1, ypn, eta_p31_ss)
      |                                                1
Warning: Actual argument contains too few elements for dummy argument 'y2' (143/200) at (1)
pru.f:5574:18:

 5574 |       CALL SPLINE(W_sp, del_p13, 143, yp1, ypn, del_p13_ss)
      |                  1
Warning: Actual argument contains too few elements for dummy argument 'x' (143/200) at (1)
pru.f:5574:24:

 5574 |       CALL SPLINE(W_sp, del_p13, 143, yp1, ypn, del_p13_ss)
      |                        1
Warning: Actual argument contains too few elements for dummy argument 'y' (143/200) at (1)
pru.f:5574:48:

 5574 |       CALL SPLINE(W_sp, del_p13, 143, yp1, ypn, del_p13_ss)
      |                                                1
Warning: Actual argument contains too few elements for dummy argument 'y2' (143/200) at (1)
pru.f:5575:18:

 5575 |       CALL SPLINE(W_sp, eta_p13, 143, yp1, ypn, eta_p13_ss)
      |                  1
Warning: Actual argument contains too few elements for dummy argument 'x' (143/200) at (1)
pru.f:5575:24:

 5575 |       CALL SPLINE(W_sp, eta_p13, 143, yp1, ypn, eta_p13_ss)
      |                        1
Warning: Actual argument contains too few elements for dummy argument 'y' (143/200) at (1)
pru.f:5575:48:

 5575 |       CALL SPLINE(W_sp, eta_p13, 143, yp1, ypn, eta_p13_ss)
      |                                                1
Warning: Actual argument contains too few elements for dummy argument 'y2' (143/200) at (1)
pru.f:5587:18:

 5587 |       CALL SPLINE(W_sp, del_p33, 143, yp1, ypn, del_p33_ss)
      |                  1
Warning: Actual argument contains too few elements for dummy argument 'x' (143/200) at (1)
pru.f:5587:24:

 5587 |       CALL SPLINE(W_sp, del_p33, 143, yp1, ypn, del_p33_ss)
      |                        1
Warning: Actual argument contains too few elements for dummy argument 'y' (143/200) at (1)
pru.f:5587:48:

 5587 |       CALL SPLINE(W_sp, del_p33, 143, yp1, ypn, del_p33_ss)
      |                                                1
Warning: Actual argument contains too few elements for dummy argument 'y2' (143/200) at (1)
pru.f:5588:18:

 5588 |       CALL SPLINE(W_sp, eta_p33, 143, yp1, ypn, eta_p33_ss)
      |                  1
Warning: Actual argument contains too few elements for dummy argument 'x' (143/200) at (1)
pru.f:5588:24:

 5588 |       CALL SPLINE(W_sp, eta_p33, 143, yp1, ypn, eta_p33_ss)
      |                        1
Warning: Actual argument contains too few elements for dummy argument 'y' (143/200) at (1)
pru.f:5588:48:

 5588 |       CALL SPLINE(W_sp, eta_p33, 143, yp1, ypn, eta_p33_ss)
      |                                                1
Warning: Actual argument contains too few elements for dummy argument 'y2' (143/200) at (1)
pru.f:5598:18:

 5598 |       CALL SPLINE(W_sp, del_d13, 143, yp1, ypn, del_d13_ss)
      |                  1
Warning: Actual argument contains too few elements for dummy argument 'x' (143/200) at (1)
pru.f:5598:24:

 5598 |       CALL SPLINE(W_sp, del_d13, 143, yp1, ypn, del_d13_ss)
      |                        1
Warning: Actual argument contains too few elements for dummy argument 'y' (143/200) at (1)
pru.f:5598:48:

 5598 |       CALL SPLINE(W_sp, del_d13, 143, yp1, ypn, del_d13_ss)
      |                                                1
Warning: Actual argument contains too few elements for dummy argument 'y2' (143/200) at (1)
pru.f:5599:18:

 5599 |       CALL SPLINE(W_sp, eta_d13, 143, yp1, ypn, eta_d13_ss)
      |                  1
Warning: Actual argument contains too few elements for dummy argument 'x' (143/200) at (1)
pru.f:5599:24:

 5599 |       CALL SPLINE(W_sp, eta_d13, 143, yp1, ypn, eta_d13_ss)
      |                        1
Warning: Actual argument contains too few elements for dummy argument 'y' (143/200) at (1)
pru.f:5599:48:

 5599 |       CALL SPLINE(W_sp, eta_d13, 143, yp1, ypn, eta_d13_ss)
      |                                                1
Warning: Actual argument contains too few elements for dummy argument 'y2' (143/200) at (1)
pru.f:5609:18:

 5609 |       CALL SPLINE(W_sp, del_d33, 143, yp1, ypn, del_d33_ss)
      |                  1
Warning: Actual argument contains too few elements for dummy argument 'x' (143/200) at (1)
pru.f:5609:24:

 5609 |       CALL SPLINE(W_sp, del_d33, 143, yp1, ypn, del_d33_ss)
      |                        1
Warning: Actual argument contains too few elements for dummy argument 'y' (143/200) at (1)
pru.f:5609:48:

 5609 |       CALL SPLINE(W_sp, del_d33, 143, yp1, ypn, del_d33_ss)
      |                                                1
Warning: Actual argument contains too few elements for dummy argument 'y2' (143/200) at (1)
pru.f:5610:18:

 5610 |       CALL SPLINE(W_sp, eta_d33, 143, yp1, ypn, eta_d33_ss)
      |                  1
Warning: Actual argument contains too few elements for dummy argument 'x' (143/200) at (1)
pru.f:5610:24:

 5610 |       CALL SPLINE(W_sp, eta_d33, 143, yp1, ypn, eta_d33_ss)
      |                        1
Warning: Actual argument contains too few elements for dummy argument 'y' (143/200) at (1)
pru.f:5610:48:

 5610 |       CALL SPLINE(W_sp, eta_d33, 143, yp1, ypn, eta_d33_ss)
      |                                                1
Warning: Actual argument contains too few elements for dummy argument 'y2' (143/200) at (1)
pru.f:5620:18:

 5620 |       CALL SPLINE(W_sp, del_d15, 143, yp1, ypn, del_d15_ss)
      |                  1
Warning: Actual argument contains too few elements for dummy argument 'x' (143/200) at (1)
pru.f:5620:24:

 5620 |       CALL SPLINE(W_sp, del_d15, 143, yp1, ypn, del_d15_ss)
      |                        1
Warning: Actual argument contains too few elements for dummy argument 'y' (143/200) at (1)
pru.f:5620:48:

 5620 |       CALL SPLINE(W_sp, del_d15, 143, yp1, ypn, del_d15_ss)
      |                                                1
Warning: Actual argument contains too few elements for dummy argument 'y2' (143/200) at (1)
pru.f:5621:18:

 5621 |       CALL SPLINE(W_sp, eta_d15, 143, yp1, ypn, eta_d15_ss)
      |                  1
Warning: Actual argument contains too few elements for dummy argument 'x' (143/200) at (1)
pru.f:5621:24:

 5621 |       CALL SPLINE(W_sp, eta_d15, 143, yp1, ypn, eta_d15_ss)
      |                        1
Warning: Actual argument contains too few elements for dummy argument 'y' (143/200) at (1)
pru.f:5621:48:

 5621 |       CALL SPLINE(W_sp, eta_d15, 143, yp1, ypn, eta_d15_ss)
      |                                                1
Warning: Actual argument contains too few elements for dummy argument 'y2' (143/200) at (1)
pru.f:5631:18:

 5631 |       CALL SPLINE(W_sp, del_d35, 143, yp1, ypn, del_d35_ss)
      |                  1
Warning: Actual argument contains too few elements for dummy argument 'x' (143/200) at (1)
pru.f:5631:24:

 5631 |       CALL SPLINE(W_sp, del_d35, 143, yp1, ypn, del_d35_ss)
      |                        1
Warning: Actual argument contains too few elements for dummy argument 'y' (143/200) at (1)
pru.f:5631:48:

 5631 |       CALL SPLINE(W_sp, del_d35, 143, yp1, ypn, del_d35_ss)
      |                                                1
Warning: Actual argument contains too few elements for dummy argument 'y2' (143/200) at (1)
pru.f:5632:18:

 5632 |       CALL SPLINE(W_sp, eta_d35, 143, yp1, ypn, eta_d35_ss)
      |                  1
Warning: Actual argument contains too few elements for dummy argument 'x' (143/200) at (1)
pru.f:5632:24:

 5632 |       CALL SPLINE(W_sp, eta_d35, 143, yp1, ypn, eta_d35_ss)
      |                        1
Warning: Actual argument contains too few elements for dummy argument 'y' (143/200) at (1)
pru.f:5632:48:

 5632 |       CALL SPLINE(W_sp, eta_d35, 143, yp1, ypn, eta_d35_ss)
      |                                                1
Warning: Actual argument contains too few elements for dummy argument 'y2' (143/200) at (1)
pru.f:5642:18:

 5642 |       CALL SPLINE(W_sp, del_f15, 143, yp1, ypn, del_f15_ss)
      |                  1
Warning: Actual argument contains too few elements for dummy argument 'x' (143/200) at (1)
pru.f:5642:24:

 5642 |       CALL SPLINE(W_sp, del_f15, 143, yp1, ypn, del_f15_ss)
      |                        1
Warning: Actual argument contains too few elements for dummy argument 'y' (143/200) at (1)
pru.f:5642:48:

 5642 |       CALL SPLINE(W_sp, del_f15, 143, yp1, ypn, del_f15_ss)
      |                                                1
Warning: Actual argument contains too few elements for dummy argument 'y2' (143/200) at (1)
pru.f:5643:18:

 5643 |       CALL SPLINE(W_sp, eta_f15, 143, yp1, ypn, eta_f15_ss)
      |                  1
Warning: Actual argument contains too few elements for dummy argument 'x' (143/200) at (1)
pru.f:5643:24:

 5643 |       CALL SPLINE(W_sp, eta_f15, 143, yp1, ypn, eta_f15_ss)
      |                        1
Warning: Actual argument contains too few elements for dummy argument 'y' (143/200) at (1)
pru.f:5643:48:

 5643 |       CALL SPLINE(W_sp, eta_f15, 143, yp1, ypn, eta_f15_ss)
      |                                                1
Warning: Actual argument contains too few elements for dummy argument 'y2' (143/200) at (1)
pru.f:5653:18:

 5653 |       CALL SPLINE(W_sp, del_f35, 143, yp1, ypn, del_f35_ss)
      |                  1
Warning: Actual argument contains too few elements for dummy argument 'x' (143/200) at (1)
pru.f:5653:24:

 5653 |       CALL SPLINE(W_sp, del_f35, 143, yp1, ypn, del_f35_ss)
      |                        1
Warning: Actual argument contains too few elements for dummy argument 'y' (143/200) at (1)
pru.f:5653:48:

 5653 |       CALL SPLINE(W_sp, del_f35, 143, yp1, ypn, del_f35_ss)
      |                                                1
Warning: Actual argument contains too few elements for dummy argument 'y2' (143/200) at (1)
pru.f:5654:18:

 5654 |       CALL SPLINE(W_sp, eta_f35, 143, yp1, ypn, eta_f35_ss)
      |                  1
Warning: Actual argument contains too few elements for dummy argument 'x' (143/200) at (1)
pru.f:5654:24:

 5654 |       CALL SPLINE(W_sp, eta_f35, 143, yp1, ypn, eta_f35_ss)
      |                        1
Warning: Actual argument contains too few elements for dummy argument 'y' (143/200) at (1)
pru.f:5654:48:

 5654 |       CALL SPLINE(W_sp, eta_f35, 143, yp1, ypn, eta_f35_ss)
      |                                                1
Warning: Actual argument contains too few elements for dummy argument 'y2' (143/200) at (1)
pru.f:5664:18:

 5664 |       CALL SPLINE(W_sp, del_f17, 143, yp1, ypn, del_f17_ss)
      |                  1
Warning: Actual argument contains too few elements for dummy argument 'x' (143/200) at (1)
pru.f:5664:24:

 5664 |       CALL SPLINE(W_sp, del_f17, 143, yp1, ypn, del_f17_ss)
      |                        1
Warning: Actual argument contains too few elements for dummy argument 'y' (143/200) at (1)
pru.f:5664:48:

 5664 |       CALL SPLINE(W_sp, del_f17, 143, yp1, ypn, del_f17_ss)
      |                                                1
Warning: Actual argument contains too few elements for dummy argument 'y2' (143/200) at (1)
pru.f:5665:18:

 5665 |       CALL SPLINE(W_sp, eta_f17, 143, yp1, ypn, eta_f17_ss)
      |                  1
Warning: Actual argument contains too few elements for dummy argument 'x' (143/200) at (1)
pru.f:5665:24:

 5665 |       CALL SPLINE(W_sp, eta_f17, 143, yp1, ypn, eta_f17_ss)
      |                        1
Warning: Actual argument contains too few elements for dummy argument 'y' (143/200) at (1)
pru.f:5665:48:

 5665 |       CALL SPLINE(W_sp, eta_f17, 143, yp1, ypn, eta_f17_ss)
      |                                                1
Warning: Actual argument contains too few elements for dummy argument 'y2' (143/200) at (1)
pru.f:5675:18:

 5675 |       CALL SPLINE(W_sp, del_f37, 143, yp1, ypn, del_f37_ss)
      |                  1
Warning: Actual argument contains too few elements for dummy argument 'x' (143/200) at (1)
pru.f:5675:24:

 5675 |       CALL SPLINE(W_sp, del_f37, 143, yp1, ypn, del_f37_ss)
      |                        1
Warning: Actual argument contains too few elements for dummy argument 'y' (143/200) at (1)
pru.f:5675:48:

 5675 |       CALL SPLINE(W_sp, del_f37, 143, yp1, ypn, del_f37_ss)
      |                                                1
Warning: Actual argument contains too few elements for dummy argument 'y2' (143/200) at (1)
pru.f:5676:18:

 5676 |       CALL SPLINE(W_sp, eta_f37, 143, yp1, ypn, eta_f37_ss)
      |                  1
Warning: Actual argument contains too few elements for dummy argument 'x' (143/200) at (1)
pru.f:5676:24:

 5676 |       CALL SPLINE(W_sp, eta_f37, 143, yp1, ypn, eta_f37_ss)
      |                        1
Warning: Actual argument contains too few elements for dummy argument 'y' (143/200) at (1)
pru.f:5676:48:

 5676 |       CALL SPLINE(W_sp, eta_f37, 143, yp1, ypn, eta_f37_ss)
      |                                                1
Warning: Actual argument contains too few elements for dummy argument 'y2' (143/200) at (1)
pru.f:320:51:

  320 |       IF(NTL(1).EQ.NSM05) CALL PNETAN05(EX,TRZ,TIZ,NTL)
      |                                                   1
Warning: Actual argument contains too few elements for dummy argument 'ntl' (13/18) at (1)
pru.f:4832:17:

 4817 |       CALL DATA1(T,1,M)
      |                 2
......
 4832 |       CALL DATA1(DTA,II,M)
      |                 1
Warning: Rank mismatch between actual argument at (1) and actual argument at (2) (scalar and rank-1)
pru.f:7856:18:

 7856 |       CALL SPLINE(W_sp, del_s11, 143, yp1, ypn, del_s11_ss)
      |                  1
Warning: Actual argument contains too few elements for dummy argument 'x' (143/200) at (1)
pru.f:7856:24:

 7856 |       CALL SPLINE(W_sp, del_s11, 143, yp1, ypn, del_s11_ss)
      |                        1
Warning: Actual argument contains too few elements for dummy argument 'y' (143/200) at (1)
pru.f:7856:59:

 7856 |       CALL SPLINE(W_sp, del_s11, 143, yp1, ypn, del_s11_ss)
      |                                                           1
Warning: Type mismatch in argument 'yp1' at (1); passed REAL(8) to REAL(4)
pru.f:7856:59:

 7856 |       CALL SPLINE(W_sp, del_s11, 143, yp1, ypn, del_s11_ss)
      |                                                           1
Warning: Type mismatch in argument 'ypn' at (1); passed REAL(8) to REAL(4)
pru.f:7856:48:

 7856 |       CALL SPLINE(W_sp, del_s11, 143, yp1, ypn, del_s11_ss)
      |                                                1
Warning: Actual argument contains too few elements for dummy argument 'y2' (143/200) at (1)
pru.f:7857:18:

 7857 |       CALL SPLINE(W_sp, eta_s11, 143, yp1, ypn, eta_s11_ss)
      |                  1
Warning: Actual argument contains too few elements for dummy argument 'x' (143/200) at (1)
pru.f:7857:24:

 7857 |       CALL SPLINE(W_sp, eta_s11, 143, yp1, ypn, eta_s11_ss)
      |                        1
Warning: Actual argument contains too few elements for dummy argument 'y' (143/200) at (1)
pru.f:7857:59:

 7857 |       CALL SPLINE(W_sp, eta_s11, 143, yp1, ypn, eta_s11_ss)
      |                                                           1
Warning: Type mismatch in argument 'yp1' at (1); passed REAL(8) to REAL(4)
pru.f:7857:59:

 7857 |       CALL SPLINE(W_sp, eta_s11, 143, yp1, ypn, eta_s11_ss)
      |                                                           1
Warning: Type mismatch in argument 'ypn' at (1); passed REAL(8) to REAL(4)
pru.f:7857:48:

 7857 |       CALL SPLINE(W_sp, eta_s11, 143, yp1, ypn, eta_s11_ss)
      |                                                1
Warning: Actual argument contains too few elements for dummy argument 'y2' (143/200) at (1)
pru.f:7868:18:

 7868 |       CALL SPLINE(W_sp, del_s31, 143, yp1, ypn, del_s31_ss)
      |                  1
Warning: Actual argument contains too few elements for dummy argument 'x' (143/200) at (1)
pru.f:7868:24:

 7868 |       CALL SPLINE(W_sp, del_s31, 143, yp1, ypn, del_s31_ss)
      |                        1
Warning: Actual argument contains too few elements for dummy argument 'y' (143/200) at (1)
pru.f:7868:59:

 7868 |       CALL SPLINE(W_sp, del_s31, 143, yp1, ypn, del_s31_ss)
      |                                                           1
Warning: Type mismatch in argument 'yp1' at (1); passed REAL(8) to REAL(4)
pru.f:7868:59:

 7868 |       CALL SPLINE(W_sp, del_s31, 143, yp1, ypn, del_s31_ss)
      |                                                           1
Warning: Type mismatch in argument 'ypn' at (1); passed REAL(8) to REAL(4)
pru.f:7868:48:

 7868 |       CALL SPLINE(W_sp, del_s31, 143, yp1, ypn, del_s31_ss)
      |                                                1
Warning: Actual argument contains too few elements for dummy argument 'y2' (143/200) at (1)
pru.f:7869:18:

 7869 |       CALL SPLINE(W_sp, eta_s31, 143, yp1, ypn, eta_s31_ss)
      |                  1
Warning: Actual argument contains too few elements for dummy argument 'x' (143/200) at (1)
pru.f:7869:24:

 7869 |       CALL SPLINE(W_sp, eta_s31, 143, yp1, ypn, eta_s31_ss)
      |                        1
Warning: Actual argument contains too few elements for dummy argument 'y' (143/200) at (1)
pru.f:7869:59:

 7869 |       CALL SPLINE(W_sp, eta_s31, 143, yp1, ypn, eta_s31_ss)
      |                                                           1
Warning: Type mismatch in argument 'yp1' at (1); passed REAL(8) to REAL(4)
pru.f:7869:59:

 7869 |       CALL SPLINE(W_sp, eta_s31, 143, yp1, ypn, eta_s31_ss)
      |                                                           1
Warning: Type mismatch in argument 'ypn' at (1); passed REAL(8) to REAL(4)
pru.f:7869:48:

 7869 |       CALL SPLINE(W_sp, eta_s31, 143, yp1, ypn, eta_s31_ss)
      |                                                1
Warning: Actual argument contains too few elements for dummy argument 'y2' (143/200) at (1)
pru.f:7880:18:

 7880 |       CALL SPLINE(W_sp, del_p11, 143, yp1, ypn, del_p11_ss)
      |                  1
Warning: Actual argument contains too few elements for dummy argument 'x' (143/200) at (1)
pru.f:7880:24:

 7880 |       CALL SPLINE(W_sp, del_p11, 143, yp1, ypn, del_p11_ss)
      |                        1
Warning: Actual argument contains too few elements for dummy argument 'y' (143/200) at (1)
pru.f:7880:59:

 7880 |       CALL SPLINE(W_sp, del_p11, 143, yp1, ypn, del_p11_ss)
      |                                                           1
Warning: Type mismatch in argument 'yp1' at (1); passed REAL(8) to REAL(4)
pru.f:7880:59:

 7880 |       CALL SPLINE(W_sp, del_p11, 143, yp1, ypn, del_p11_ss)
      |                                                           1
Warning: Type mismatch in argument 'ypn' at (1); passed REAL(8) to REAL(4)
pru.f:7880:48:

 7880 |       CALL SPLINE(W_sp, del_p11, 143, yp1, ypn, del_p11_ss)
      |                                                1
Warning: Actual argument contains too few elements for dummy argument 'y2' (143/200) at (1)
pru.f:7881:18:

 7881 |       CALL SPLINE(W_sp, eta_p11, 143, yp1, ypn, eta_p11_ss)
      |                  1
Warning: Actual argument contains too few elements for dummy argument 'x' (143/200) at (1)
pru.f:7881:24:

 7881 |       CALL SPLINE(W_sp, eta_p11, 143, yp1, ypn, eta_p11_ss)
      |                        1
Warning: Actual argument contains too few elements for dummy argument 'y' (143/200) at (1)
pru.f:7881:59:

 7881 |       CALL SPLINE(W_sp, eta_p11, 143, yp1, ypn, eta_p11_ss)
      |                                                           1
Warning: Type mismatch in argument 'yp1' at (1); passed REAL(8) to REAL(4)
pru.f:7881:59:

 7881 |       CALL SPLINE(W_sp, eta_p11, 143, yp1, ypn, eta_p11_ss)
      |                                                           1
Warning: Type mismatch in argument 'ypn' at (1); passed REAL(8) to REAL(4)
pru.f:7881:48:

 7881 |       CALL SPLINE(W_sp, eta_p11, 143, yp1, ypn, eta_p11_ss)
      |                                                1
Warning: Actual argument contains too few elements for dummy argument 'y2' (143/200) at (1)
pru.f:7892:18:

 7892 |       CALL SPLINE(W_sp, del_p31, 143, yp1, ypn, del_p31_ss)
      |                  1
Warning: Actual argument contains too few elements for dummy argument 'x' (143/200) at (1)
pru.f:7892:24:

 7892 |       CALL SPLINE(W_sp, del_p31, 143, yp1, ypn, del_p31_ss)
      |                        1
Warning: Actual argument contains too few elements for dummy argument 'y' (143/200) at (1)
pru.f:7892:59:

 7892 |       CALL SPLINE(W_sp, del_p31, 143, yp1, ypn, del_p31_ss)
      |                                                           1
Warning: Type mismatch in argument 'yp1' at (1); passed REAL(8) to REAL(4)
pru.f:7892:59:

 7892 |       CALL SPLINE(W_sp, del_p31, 143, yp1, ypn, del_p31_ss)
      |                                                           1
Warning: Type mismatch in argument 'ypn' at (1); passed REAL(8) to REAL(4)
pru.f:7892:48:

 7892 |       CALL SPLINE(W_sp, del_p31, 143, yp1, ypn, del_p31_ss)
      |                                                1
Warning: Actual argument contains too few elements for dummy argument 'y2' (143/200) at (1)
pru.f:7893:18:

 7893 |       CALL SPLINE(W_sp, eta_p31, 143, yp1, ypn, eta_p31_ss)
      |                  1
Warning: Actual argument contains too few elements for dummy argument 'x' (143/200) at (1)
pru.f:7893:24:

 7893 |       CALL SPLINE(W_sp, eta_p31, 143, yp1, ypn, eta_p31_ss)
      |                        1
Warning: Actual argument contains too few elements for dummy argument 'y' (143/200) at (1)
pru.f:7893:59:

 7893 |       CALL SPLINE(W_sp, eta_p31, 143, yp1, ypn, eta_p31_ss)
      |                                                           1
Warning: Type mismatch in argument 'yp1' at (1); passed REAL(8) to REAL(4)
pru.f:7893:59:

 7893 |       CALL SPLINE(W_sp, eta_p31, 143, yp1, ypn, eta_p31_ss)
      |                                                           1
Warning: Type mismatch in argument 'ypn' at (1); passed REAL(8) to REAL(4)
pru.f:7893:48:

 7893 |       CALL SPLINE(W_sp, eta_p31, 143, yp1, ypn, eta_p31_ss)
      |                                                1
Warning: Actual argument contains too few elements for dummy argument 'y2' (143/200) at (1)
pru.f:7904:18:

 7904 |       CALL SPLINE(W_sp, del_p13, 143, yp1, ypn, del_p13_ss)
      |                  1
Warning: Actual argument contains too few elements for dummy argument 'x' (143/200) at (1)
pru.f:7904:24:

 7904 |       CALL SPLINE(W_sp, del_p13, 143, yp1, ypn, del_p13_ss)
      |                        1
Warning: Actual argument contains too few elements for dummy argument 'y' (143/200) at (1)
pru.f:7904:59:

 7904 |       CALL SPLINE(W_sp, del_p13, 143, yp1, ypn, del_p13_ss)
      |                                                           1
Warning: Type mismatch in argument 'yp1' at (1); passed REAL(8) to REAL(4)
pru.f:7904:59:

 7904 |       CALL SPLINE(W_sp, del_p13, 143, yp1, ypn, del_p13_ss)
      |                                                           1
Warning: Type mismatch in argument 'ypn' at (1); passed REAL(8) to REAL(4)
pru.f:7904:48:

 7904 |       CALL SPLINE(W_sp, del_p13, 143, yp1, ypn, del_p13_ss)
      |                                                1
Warning: Actual argument contains too few elements for dummy argument 'y2' (143/200) at (1)
pru.f:7905:18:

 7905 |       CALL SPLINE(W_sp, eta_p13, 143, yp1, ypn, eta_p13_ss)
      |                  1
Warning: Actual argument contains too few elements for dummy argument 'x' (143/200) at (1)
pru.f:7905:24:

 7905 |       CALL SPLINE(W_sp, eta_p13, 143, yp1, ypn, eta_p13_ss)
      |                        1
Warning: Actual argument contains too few elements for dummy argument 'y' (143/200) at (1)
pru.f:7905:59:

 7905 |       CALL SPLINE(W_sp, eta_p13, 143, yp1, ypn, eta_p13_ss)
      |                                                           1
Warning: Type mismatch in argument 'yp1' at (1); passed REAL(8) to REAL(4)
pru.f:7905:59:

 7905 |       CALL SPLINE(W_sp, eta_p13, 143, yp1, ypn, eta_p13_ss)
      |                                                           1
Warning: Type mismatch in argument 'ypn' at (1); passed REAL(8) to REAL(4)
pru.f:7905:48:

 7905 |       CALL SPLINE(W_sp, eta_p13, 143, yp1, ypn, eta_p13_ss)
      |                                                1
Warning: Actual argument contains too few elements for dummy argument 'y2' (143/200) at (1)
pru.f:7918:18:

 7918 |       CALL SPLINE(W_sp, del_p33, 143, yp1, ypn, del_p33_ss)
      |                  1
Warning: Actual argument contains too few elements for dummy argument 'x' (143/200) at (1)
pru.f:7918:24:

 7918 |       CALL SPLINE(W_sp, del_p33, 143, yp1, ypn, del_p33_ss)
      |                        1
Warning: Actual argument contains too few elements for dummy argument 'y' (143/200) at (1)
pru.f:7918:59:

 7918 |       CALL SPLINE(W_sp, del_p33, 143, yp1, ypn, del_p33_ss)
      |                                                           1
Warning: Type mismatch in argument 'yp1' at (1); passed REAL(8) to REAL(4)
pru.f:7918:59:

 7918 |       CALL SPLINE(W_sp, del_p33, 143, yp1, ypn, del_p33_ss)
      |                                                           1
Warning: Type mismatch in argument 'ypn' at (1); passed REAL(8) to REAL(4)
pru.f:7918:48:

 7918 |       CALL SPLINE(W_sp, del_p33, 143, yp1, ypn, del_p33_ss)
      |                                                1
Warning: Actual argument contains too few elements for dummy argument 'y2' (143/200) at (1)
pru.f:7919:18:

 7919 |       CALL SPLINE(W_sp, eta_p33, 143, yp1, ypn, eta_p33_ss)
      |                  1
Warning: Actual argument contains too few elements for dummy argument 'x' (143/200) at (1)
pru.f:7919:24:

 7919 |       CALL SPLINE(W_sp, eta_p33, 143, yp1, ypn, eta_p33_ss)
      |                        1
Warning: Actual argument contains too few elements for dummy argument 'y' (143/200) at (1)
pru.f:7919:59:

 7919 |       CALL SPLINE(W_sp, eta_p33, 143, yp1, ypn, eta_p33_ss)
      |                                                           1
Warning: Type mismatch in argument 'yp1' at (1); passed REAL(8) to REAL(4)
pru.f:7919:59:

 7919 |       CALL SPLINE(W_sp, eta_p33, 143, yp1, ypn, eta_p33_ss)
      |                                                           1
Warning: Type mismatch in argument 'ypn' at (1); passed REAL(8) to REAL(4)
pru.f:7919:48:

 7919 |       CALL SPLINE(W_sp, eta_p33, 143, yp1, ypn, eta_p33_ss)
      |                                                1
Warning: Actual argument contains too few elements for dummy argument 'y2' (143/200) at (1)
pru.f:7930:18:

 7930 |       CALL SPLINE(W_sp, del_d13, 143, yp1, ypn, del_d13_ss)
      |                  1
Warning: Actual argument contains too few elements for dummy argument 'x' (143/200) at (1)
pru.f:7930:24:

 7930 |       CALL SPLINE(W_sp, del_d13, 143, yp1, ypn, del_d13_ss)
      |                        1
Warning: Actual argument contains too few elements for dummy argument 'y' (143/200) at (1)
pru.f:7930:59:

 7930 |       CALL SPLINE(W_sp, del_d13, 143, yp1, ypn, del_d13_ss)
      |                                                           1
Warning: Type mismatch in argument 'yp1' at (1); passed REAL(8) to REAL(4)
pru.f:7930:59:

 7930 |       CALL SPLINE(W_sp, del_d13, 143, yp1, ypn, del_d13_ss)
      |                                                           1
Warning: Type mismatch in argument 'ypn' at (1); passed REAL(8) to REAL(4)
pru.f:7930:48:

 7930 |       CALL SPLINE(W_sp, del_d13, 143, yp1, ypn, del_d13_ss)
      |                                                1
Warning: Actual argument contains too few elements for dummy argument 'y2' (143/200) at (1)
pru.f:7931:18:

 7931 |       CALL SPLINE(W_sp, eta_d13, 143, yp1, ypn, eta_d13_ss)
      |                  1
Warning: Actual argument contains too few elements for dummy argument 'x' (143/200) at (1)
pru.f:7931:24:

 7931 |       CALL SPLINE(W_sp, eta_d13, 143, yp1, ypn, eta_d13_ss)
      |                        1
Warning: Actual argument contains too few elements for dummy argument 'y' (143/200) at (1)
pru.f:7931:59:

 7931 |       CALL SPLINE(W_sp, eta_d13, 143, yp1, ypn, eta_d13_ss)
      |                                                           1
Warning: Type mismatch in argument 'yp1' at (1); passed REAL(8) to REAL(4)
pru.f:7931:59:

 7931 |       CALL SPLINE(W_sp, eta_d13, 143, yp1, ypn, eta_d13_ss)
      |                                                           1
Warning: Type mismatch in argument 'ypn' at (1); passed REAL(8) to REAL(4)
pru.f:7931:48:

 7931 |       CALL SPLINE(W_sp, eta_d13, 143, yp1, ypn, eta_d13_ss)
      |                                                1
Warning: Actual argument contains too few elements for dummy argument 'y2' (143/200) at (1)
pru.f:7942:18:

 7942 |       CALL SPLINE(W_sp, del_d33, 143, yp1, ypn, del_d33_ss)
      |                  1
Warning: Actual argument contains too few elements for dummy argument 'x' (143/200) at (1)
pru.f:7942:24:

 7942 |       CALL SPLINE(W_sp, del_d33, 143, yp1, ypn, del_d33_ss)
      |                        1
Warning: Actual argument contains too few elements for dummy argument 'y' (143/200) at (1)
pru.f:7942:59:

 7942 |       CALL SPLINE(W_sp, del_d33, 143, yp1, ypn, del_d33_ss)
      |                                                           1
Warning: Type mismatch in argument 'yp1' at (1); passed REAL(8) to REAL(4)
pru.f:7942:59:

 7942 |       CALL SPLINE(W_sp, del_d33, 143, yp1, ypn, del_d33_ss)
      |                                                           1
Warning: Type mismatch in argument 'ypn' at (1); passed REAL(8) to REAL(4)
pru.f:7942:48:

 7942 |       CALL SPLINE(W_sp, del_d33, 143, yp1, ypn, del_d33_ss)
      |                                                1
Warning: Actual argument contains too few elements for dummy argument 'y2' (143/200) at (1)
pru.f:7943:18:

 7943 |       CALL SPLINE(W_sp, eta_d33, 143, yp1, ypn, eta_d33_ss)
      |                  1
Warning: Actual argument contains too few elements for dummy argument 'x' (143/200) at (1)
pru.f:7943:24:

 7943 |       CALL SPLINE(W_sp, eta_d33, 143, yp1, ypn, eta_d33_ss)
      |                        1
Warning: Actual argument contains too few elements for dummy argument 'y' (143/200) at (1)
pru.f:7943:59:

 7943 |       CALL SPLINE(W_sp, eta_d33, 143, yp1, ypn, eta_d33_ss)
      |                                                           1
Warning: Type mismatch in argument 'yp1' at (1); passed REAL(8) to REAL(4)
pru.f:7943:59:

 7943 |       CALL SPLINE(W_sp, eta_d33, 143, yp1, ypn, eta_d33_ss)
      |                                                           1
Warning: Type mismatch in argument 'ypn' at (1); passed REAL(8) to REAL(4)
pru.f:7943:48:

 7943 |       CALL SPLINE(W_sp, eta_d33, 143, yp1, ypn, eta_d33_ss)
      |                                                1
Warning: Actual argument contains too few elements for dummy argument 'y2' (143/200) at (1)
pru.f:7954:18:

 7954 |       CALL SPLINE(W_sp, del_d15, 143, yp1, ypn, del_d15_ss)
      |                  1
Warning: Actual argument contains too few elements for dummy argument 'x' (143/200) at (1)
pru.f:7954:24:

 7954 |       CALL SPLINE(W_sp, del_d15, 143, yp1, ypn, del_d15_ss)
      |                        1
Warning: Actual argument contains too few elements for dummy argument 'y' (143/200) at (1)
pru.f:7954:59:

 7954 |       CALL SPLINE(W_sp, del_d15, 143, yp1, ypn, del_d15_ss)
      |                                                           1
Warning: Type mismatch in argument 'yp1' at (1); passed REAL(8) to REAL(4)
pru.f:7954:59:

 7954 |       CALL SPLINE(W_sp, del_d15, 143, yp1, ypn, del_d15_ss)
      |                                                           1
Warning: Type mismatch in argument 'ypn' at (1); passed REAL(8) to REAL(4)
pru.f:7954:48:

 7954 |       CALL SPLINE(W_sp, del_d15, 143, yp1, ypn, del_d15_ss)
      |                                                1
Warning: Actual argument contains too few elements for dummy argument 'y2' (143/200) at (1)
pru.f:7955:18:

 7955 |       CALL SPLINE(W_sp, eta_d15, 143, yp1, ypn, eta_d15_ss)
      |                  1
Warning: Actual argument contains too few elements for dummy argument 'x' (143/200) at (1)
pru.f:7955:24:

 7955 |       CALL SPLINE(W_sp, eta_d15, 143, yp1, ypn, eta_d15_ss)
      |                        1
Warning: Actual argument contains too few elements for dummy argument 'y' (143/200) at (1)
pru.f:7955:59:

 7955 |       CALL SPLINE(W_sp, eta_d15, 143, yp1, ypn, eta_d15_ss)
      |                                                           1
Warning: Type mismatch in argument 'yp1' at (1); passed REAL(8) to REAL(4)
pru.f:7955:59:

 7955 |       CALL SPLINE(W_sp, eta_d15, 143, yp1, ypn, eta_d15_ss)
      |                                                           1
Warning: Type mismatch in argument 'ypn' at (1); passed REAL(8) to REAL(4)
pru.f:7955:48:

 7955 |       CALL SPLINE(W_sp, eta_d15, 143, yp1, ypn, eta_d15_ss)
      |                                                1
Warning: Actual argument contains too few elements for dummy argument 'y2' (143/200) at (1)
pru.f:7966:18:

 7966 |       CALL SPLINE(W_sp, del_d35, 143, yp1, ypn, del_d35_ss)
      |                  1
Warning: Actual argument contains too few elements for dummy argument 'x' (143/200) at (1)
pru.f:7966:24:

 7966 |       CALL SPLINE(W_sp, del_d35, 143, yp1, ypn, del_d35_ss)
      |                        1
Warning: Actual argument contains too few elements for dummy argument 'y' (143/200) at (1)
pru.f:7966:59:

 7966 |       CALL SPLINE(W_sp, del_d35, 143, yp1, ypn, del_d35_ss)
      |                                                           1
Warning: Type mismatch in argument 'yp1' at (1); passed REAL(8) to REAL(4)
pru.f:7966:59:

 7966 |       CALL SPLINE(W_sp, del_d35, 143, yp1, ypn, del_d35_ss)
      |                                                           1
Warning: Type mismatch in argument 'ypn' at (1); passed REAL(8) to REAL(4)
pru.f:7966:48:

 7966 |       CALL SPLINE(W_sp, del_d35, 143, yp1, ypn, del_d35_ss)
      |                                                1
Warning: Actual argument contains too few elements for dummy argument 'y2' (143/200) at (1)
pru.f:7967:18:

 7967 |       CALL SPLINE(W_sp, eta_d35, 143, yp1, ypn, eta_d35_ss)
      |                  1
Warning: Actual argument contains too few elements for dummy argument 'x' (143/200) at (1)
pru.f:7967:24:

 7967 |       CALL SPLINE(W_sp, eta_d35, 143, yp1, ypn, eta_d35_ss)
      |                        1
Warning: Actual argument contains too few elements for dummy argument 'y' (143/200) at (1)
pru.f:7967:59:

 7967 |       CALL SPLINE(W_sp, eta_d35, 143, yp1, ypn, eta_d35_ss)
      |                                                           1
Warning: Type mismatch in argument 'yp1' at (1); passed REAL(8) to REAL(4)
pru.f:7967:59:

 7967 |       CALL SPLINE(W_sp, eta_d35, 143, yp1, ypn, eta_d35_ss)
      |                                                           1
Warning: Type mismatch in argument 'ypn' at (1); passed REAL(8) to REAL(4)
pru.f:7967:48:

 7967 |       CALL SPLINE(W_sp, eta_d35, 143, yp1, ypn, eta_d35_ss)
      |                                                1
Warning: Actual argument contains too few elements for dummy argument 'y2' (143/200) at (1)
pru.f:7978:18:

 7978 |       CALL SPLINE(W_sp, del_f15, 143, yp1, ypn, del_f15_ss)
      |                  1
Warning: Actual argument contains too few elements for dummy argument 'x' (143/200) at (1)
pru.f:7978:24:

 7978 |       CALL SPLINE(W_sp, del_f15, 143, yp1, ypn, del_f15_ss)
      |                        1
Warning: Actual argument contains too few elements for dummy argument 'y' (143/200) at (1)
pru.f:7978:59:

 7978 |       CALL SPLINE(W_sp, del_f15, 143, yp1, ypn, del_f15_ss)
      |                                                           1
Warning: Type mismatch in argument 'yp1' at (1); passed REAL(8) to REAL(4)
pru.f:7978:59:

 7978 |       CALL SPLINE(W_sp, del_f15, 143, yp1, ypn, del_f15_ss)
      |                                                           1
Warning: Type mismatch in argument 'ypn' at (1); passed REAL(8) to REAL(4)
pru.f:7978:48:

 7978 |       CALL SPLINE(W_sp, del_f15, 143, yp1, ypn, del_f15_ss)
      |                                                1
Warning: Actual argument contains too few elements for dummy argument 'y2' (143/200) at (1)
pru.f:7979:18:

 7979 |       CALL SPLINE(W_sp, eta_f15, 143, yp1, ypn, eta_f15_ss)
      |                  1
Warning: Actual argument contains too few elements for dummy argument 'x' (143/200) at (1)
pru.f:7979:24:

 7979 |       CALL SPLINE(W_sp, eta_f15, 143, yp1, ypn, eta_f15_ss)
      |                        1
Warning: Actual argument contains too few elements for dummy argument 'y' (143/200) at (1)
pru.f:7979:59:

 7979 |       CALL SPLINE(W_sp, eta_f15, 143, yp1, ypn, eta_f15_ss)
      |                                                           1
Warning: Type mismatch in argument 'yp1' at (1); passed REAL(8) to REAL(4)
pru.f:7979:59:

 7979 |       CALL SPLINE(W_sp, eta_f15, 143, yp1, ypn, eta_f15_ss)
      |                                                           1
Warning: Type mismatch in argument 'ypn' at (1); passed REAL(8) to REAL(4)
pru.f:7979:48:

 7979 |       CALL SPLINE(W_sp, eta_f15, 143, yp1, ypn, eta_f15_ss)
      |                                                1
Warning: Actual argument contains too few elements for dummy argument 'y2' (143/200) at (1)
pru.f:7990:18:

 7990 |       CALL SPLINE(W_sp, del_f35, 143, yp1, ypn, del_f35_ss)
      |                  1
Warning: Actual argument contains too few elements for dummy argument 'x' (143/200) at (1)
pru.f:7990:24:

 7990 |       CALL SPLINE(W_sp, del_f35, 143, yp1, ypn, del_f35_ss)
      |                        1
Warning: Actual argument contains too few elements for dummy argument 'y' (143/200) at (1)
pru.f:7990:59:

 7990 |       CALL SPLINE(W_sp, del_f35, 143, yp1, ypn, del_f35_ss)
      |                                                           1
Warning: Type mismatch in argument 'yp1' at (1); passed REAL(8) to REAL(4)
pru.f:7990:59:

 7990 |       CALL SPLINE(W_sp, del_f35, 143, yp1, ypn, del_f35_ss)
      |                                                           1
Warning: Type mismatch in argument 'ypn' at (1); passed REAL(8) to REAL(4)
pru.f:7990:48:

 7990 |       CALL SPLINE(W_sp, del_f35, 143, yp1, ypn, del_f35_ss)
      |                                                1
Warning: Actual argument contains too few elements for dummy argument 'y2' (143/200) at (1)
pru.f:7991:18:

 7991 |       CALL SPLINE(W_sp, eta_f35, 143, yp1, ypn, eta_f35_ss)
      |                  1
Warning: Actual argument contains too few elements for dummy argument 'x' (143/200) at (1)
pru.f:7991:24:

 7991 |       CALL SPLINE(W_sp, eta_f35, 143, yp1, ypn, eta_f35_ss)
      |                        1
Warning: Actual argument contains too few elements for dummy argument 'y' (143/200) at (1)
pru.f:7991:59:

 7991 |       CALL SPLINE(W_sp, eta_f35, 143, yp1, ypn, eta_f35_ss)
      |                                                           1
Warning: Type mismatch in argument 'yp1' at (1); passed REAL(8) to REAL(4)
pru.f:7991:59:

 7991 |       CALL SPLINE(W_sp, eta_f35, 143, yp1, ypn, eta_f35_ss)
      |                                                           1
Warning: Type mismatch in argument 'ypn' at (1); passed REAL(8) to REAL(4)
pru.f:7991:48:

 7991 |       CALL SPLINE(W_sp, eta_f35, 143, yp1, ypn, eta_f35_ss)
      |                                                1
Warning: Actual argument contains too few elements for dummy argument 'y2' (143/200) at (1)
pru.f:8002:18:

 8002 |       CALL SPLINE(W_sp, del_f17, 143, yp1, ypn, del_f17_ss)
      |                  1
Warning: Actual argument contains too few elements for dummy argument 'x' (143/200) at (1)
pru.f:8002:24:

 8002 |       CALL SPLINE(W_sp, del_f17, 143, yp1, ypn, del_f17_ss)
      |                        1
Warning: Actual argument contains too few elements for dummy argument 'y' (143/200) at (1)
pru.f:8002:59:

 8002 |       CALL SPLINE(W_sp, del_f17, 143, yp1, ypn, del_f17_ss)
      |                                                           1
Warning: Type mismatch in argument 'yp1' at (1); passed REAL(8) to REAL(4)
pru.f:8002:59:

 8002 |       CALL SPLINE(W_sp, del_f17, 143, yp1, ypn, del_f17_ss)
      |                                                           1
Warning: Type mismatch in argument 'ypn' at (1); passed REAL(8) to REAL(4)
pru.f:8002:48:

 8002 |       CALL SPLINE(W_sp, del_f17, 143, yp1, ypn, del_f17_ss)
      |                                                1
Warning: Actual argument contains too few elements for dummy argument 'y2' (143/200) at (1)
pru.f:8003:18:

 8003 |       CALL SPLINE(W_sp, eta_f17, 143, yp1, ypn, eta_f17_ss)
      |                  1
Warning: Actual argument contains too few elements for dummy argument 'x' (143/200) at (1)
pru.f:8003:24:

 8003 |       CALL SPLINE(W_sp, eta_f17, 143, yp1, ypn, eta_f17_ss)
      |                        1
Warning: Actual argument contains too few elements for dummy argument 'y' (143/200) at (1)
pru.f:8003:59:

 8003 |       CALL SPLINE(W_sp, eta_f17, 143, yp1, ypn, eta_f17_ss)
      |                                                           1
Warning: Type mismatch in argument 'yp1' at (1); passed REAL(8) to REAL(4)
pru.f:8003:59:

 8003 |       CALL SPLINE(W_sp, eta_f17, 143, yp1, ypn, eta_f17_ss)
      |                                                           1
Warning: Type mismatch in argument 'ypn' at (1); passed REAL(8) to REAL(4)
pru.f:8003:48:

 8003 |       CALL SPLINE(W_sp, eta_f17, 143, yp1, ypn, eta_f17_ss)
      |                                                1
Warning: Actual argument contains too few elements for dummy argument 'y2' (143/200) at (1)
pru.f:8014:18:

 8014 |       CALL SPLINE(W_sp, del_f37, 143, yp1, ypn, del_f37_ss)
      |                  1
Warning: Actual argument contains too few elements for dummy argument 'x' (143/200) at (1)
pru.f:8014:24:

 8014 |       CALL SPLINE(W_sp, del_f37, 143, yp1, ypn, del_f37_ss)
      |                        1
Warning: Actual argument contains too few elements for dummy argument 'y' (143/200) at (1)
pru.f:8014:59:

 8014 |       CALL SPLINE(W_sp, del_f37, 143, yp1, ypn, del_f37_ss)
      |                                                           1
Warning: Type mismatch in argument 'yp1' at (1); passed REAL(8) to REAL(4)
pru.f:8014:59:

 8014 |       CALL SPLINE(W_sp, del_f37, 143, yp1, ypn, del_f37_ss)
      |                                                           1
Warning: Type mismatch in argument 'ypn' at (1); passed REAL(8) to REAL(4)
pru.f:8014:48:

 8014 |       CALL SPLINE(W_sp, del_f37, 143, yp1, ypn, del_f37_ss)
      |                                                1
Warning: Actual argument contains too few elements for dummy argument 'y2' (143/200) at (1)
pru.f:8015:18:

 8015 |       CALL SPLINE(W_sp, eta_f37, 143, yp1, ypn, eta_f37_ss)
      |                  1
Warning: Actual argument contains too few elements for dummy argument 'x' (143/200) at (1)
pru.f:8015:24:

 8015 |       CALL SPLINE(W_sp, eta_f37, 143, yp1, ypn, eta_f37_ss)
      |                        1
Warning: Actual argument contains too few elements for dummy argument 'y' (143/200) at (1)
pru.f:8015:59:

 8015 |       CALL SPLINE(W_sp, eta_f37, 143, yp1, ypn, eta_f37_ss)
      |                                                           1
Warning: Type mismatch in argument 'yp1' at (1); passed REAL(8) to REAL(4)
pru.f:8015:59:

 8015 |       CALL SPLINE(W_sp, eta_f37, 143, yp1, ypn, eta_f37_ss)
      |                                                           1
Warning: Type mismatch in argument 'ypn' at (1); passed REAL(8) to REAL(4)
pru.f:8015:48:

 8015 |       CALL SPLINE(W_sp, eta_f37, 143, yp1, ypn, eta_f37_ss)
      |                                                1
Warning: Actual argument contains too few elements for dummy argument 'y2' (143/200) at (1)
