
 Welcome to SAID64, the 64-bit version of SAID.
 Several new features have been added. The mail back
 option, "go9" has been improved, for example.

 Note! 
 SAID data file assignments can be changed at any time
 by entering "GO250"
 RETURN for non-graphics
 "TDL" to set PLOT time delay
 or enter TERMINAL type (XW, TK41, or ?) ->
 You are using the single meson photoproduction code
 from SAID64. This code contains the new, as of March 2011,
 Chew-Mandelstam parametrization form. It is
 unitary at the two-body level, and uses the hadronic
 amplitudes determined in fits to pi-N elastic and the
 pi-N -> eta-N reaction. The formalism is described in
 Phys. Rev. C 82, 035202 (2010).

 Access this solution after loading the default solution
 by using: go2, v, fa10
 (As always, case does not matter in SAID.)

 RETURN to continue ->
 New contour plotter- Enter CONP or "GO60" to view
 Note new "GO55" Chi2 summary option(alternate to "GO5")
 "GO56" Summarize fits compared to Single-Energy fits
 "GO29" to do your own resonance fit
 "GO28" get decay amplitudes(A1/2,A3/2) from GW solns
 "GO57" Compare MULTIPOLES for different solutions 6/05
 "GO58" another "Compare MULTIPOLES"
 "GO59" Print/Plot amplitudes (H, F, A) vs E, S, A, t..
 "GO7" then "Go27" to PLOT PiN amplitudes for any solution
 The experimental data file is
 PR094  Photo-prod          07/09 Arndt  08/18/14                

 CAUTION! do NOT use any solution outside its range of
 validity. Extrapolation properties are generally BAD!

 Eg(photon energy) thresholds are:  
 pion=  145. eta=   707. kaon=   912. MeV
 Kindly work ABOVE these energies to avoid nonsense.
 Enter "E" here to set up for eta photoproduction
 Enter "P" here to set up for etaprime photoproduction
 Enter "L" here to set up for k-Lambda photoproduction
 Enter "S" here to set up for k-Sigma photoproduction
 Enter "B" here to switch to "Benchmark" PR data

 RETURN to continue ->