
 Welcome to SAID64, the 64-bit version of SAID.
 Several new features have been added. The mail back
 option, "go9" has been improved, for example.

 Note! 
 SAID data file assignments can be changed at any time
 by entering "GO250"
 RETURN for non-graphics
 "TDL" to set PLOT time delay
 or enter TERMINAL type (XW, TK41, or ?) ->
 You are using the single meson photoproduction code
 from SAID64. This code contains the new, as of March 2011,
 Chew-Mandelstam parametrization form. It is
 unitary at the two-body level, and uses the hadronic
 amplitudes determined in fits to pi-N elastic and the
 pi-N -> eta-N reaction. The formalism is described in
 Phys. Rev. C 82, 035202 (2010).

 Access this solution after loading the default solution
 by using: go2, v, fa10
 (As always, case does not matter in SAID.)

 RETURN to continue ->
 New contour plotter- Enter CONP or "GO60" to view
 Note new "GO55" Chi2 summary option(alternate to "GO5")
 "GO56" Summarize fits compared to Single-Energy fits
 "GO29" to do your own resonance fit
 "GO28" get decay amplitudes(A1/2,A3/2) from GW solns
 "GO57" Compare MULTIPOLES for different solutions 6/05
 "GO58" another "Compare MULTIPOLES"
 "GO59" Print/Plot amplitudes (H, F, A) vs E, S, A, t..
 "GO7" then "Go27" to PLOT PiN amplitudes for any solution
 The experimental data file is
 PR094  Photo-prod          07/09 Arndt  08/18/14                

 CAUTION! do NOT use any solution outside its range of
 validity. Extrapolation properties are generally BAD!

 Eg(photon energy) thresholds are:  
 pion=  145. eta=   707. kaon=   912. MeV
 Kindly work ABOVE these energies to avoid nonsense.
 Enter "E" here to set up for eta photoproduction
 Enter "P" here to set up for etaprime photoproduction
 Enter "L" here to set up for k-Lambda photoproduction
 Enter "S" here to set up for k-Sigma photoproduction
 Enter "B" here to switch to "Benchmark" PR data

 RETURN to continue -> g2, w1, w2, r1, r2= 13.75 22.50  0.00  0.00  0.00   
  Solution:
  CM12 2700 MEV P(200) CHI/DP=51634/25553                SM05    9/ 3/26  
  "GO22" -punch params
 An "alternative" solution can be defined with a "GO51"
 RETURN to continue ->
  Enter first four letters of the desired solution
 "SES " will set up a "single-energy" soln with DIAGONAL ErrM
 "G2  " will allow change in BORN terms
 Enter OWN to input a solution -Return to see soln file -> g2, w1, w2, r1, r2= 13.75 22.50  0.00  0.00  0.00   
  Solution:
  CM12 2700 MEV P(200) CHI/DP=51634/25553                SM05    9/ 3/26  
  "GO22" -punch params
 An "alternative" solution can be defined with a "GO51"
 RETURN to continue -> Reaction no-  1(PI0P) 2(PI+N) 3(PI-P) 4(PI0N)
 Enter reaction no ->
 Note: TOTAL cross-section MUST be done at 0 deg
 Ind Var? A(Acm),C(CosA),E(Elab), or W(Wcm) -> (Min Inc Max) for Acm  ? GO9 to quit ->  Fixed variable? E(Elab), or W(Wcm) -> Value of Elab ? ->  You are set to calculate PI+N production at Elab = 1000.000
  Acm  goes from    0.000 to  180.000 in increments of    2.609
  Enter N to change, -GO9 to quit ->
Thresholds=  144.76  151.65  148.43  144.74
 Enter Y(or M) for Multipoles at Elab= 1000.00 MeV->
  Enter observable (or MULT), -Return for choices -> Choices are:
 1- VPI&SU helicity amplitudes (from Walker)           
 2- CGLN "F" amplitudes;  Chew, PR106, 1345(1957)      
 3- CGLN "A"s in 1/GeV**n units n=2,4,3,3 for A1,A2,.. 
 -1 or -2 will give amplitudes in 10**-3/mu units
 Enter choice (1, 2, or 3) ->
  CM12 2700 MEV P(200) CHI/DP=51634/25553                SM05    9
    VPI&SU helicity amplitudes (from Walker)           mFm 
   PI+N  Scattering Amplitudes    Elab= 1000.00
   Acm     A1(Re,Im)         A2(Re,Im)         A3(Re,Im)         A4(Re,Im)
     0.0     0.00   0.00     -41.91 -17.43       0.00   0.00       0.00   0.00  
     2.6    -0.70   2.58     -40.66 -17.41       1.25   0.09       0.99   0.30  
     5.2    -1.30   5.14     -37.38 -17.35       4.53   0.35       1.89   0.59  
     7.8    -1.77   7.65     -33.11 -17.25       8.78   0.78       2.66   0.88  
    10.4    -2.11  10.07     -28.82 -17.12      13.05   1.37       3.31   1.16  
    13.0    -2.34  12.40     -25.03 -16.94      16.79   2.12       3.87   1.44  
    15.7    -2.50  14.59     -21.92 -16.72      19.81   3.01       4.36   1.70  
    18.3    -2.60  16.64     -19.46 -16.47      22.14   4.03       4.81   1.96  
    20.9    -2.67  18.51     -17.55 -16.18      23.84   5.16       5.23   2.21  
    23.5    -2.71  20.20     -16.09 -15.85      25.02   6.39       5.63   2.44  
    26.1    -2.72  21.68     -14.96 -15.49      25.78   7.70       6.00   2.66  
    28.7    -2.72  22.95     -14.07 -15.09      26.19   9.06       6.35   2.86  
    31.3    -2.71  23.98     -13.35 -14.65      26.31  10.46       6.67   3.05  
    33.9    -2.69  24.77     -12.75 -14.18      26.18  11.88       6.95   3.23  
    36.5    -2.67  25.31     -12.21 -13.68      25.83  13.30       7.21   3.39  
    39.1    -2.65  25.60     -11.71 -13.15      25.31  14.68       7.42   3.53  
    41.7    -2.65  25.64     -11.21 -12.59      24.63  16.02       7.58   3.66  
    44.3    -2.67  25.44     -10.70 -12.01      23.81  17.28       7.70   3.77  
    47.0    -2.72  24.98     -10.15 -11.40      22.87  18.46       7.77   3.88  
    49.6    -2.80  24.29      -9.56 -10.77      21.82  19.54       7.78   3.97  
    52.2    -2.92  23.37      -8.93 -10.12      20.68  20.48       7.74   4.05  
    54.8    -3.08  22.23      -8.24  -9.46      19.47  21.30       7.65   4.12  
    57.4    -3.30  20.89      -7.50  -8.78      18.19  21.95       7.50   4.19  
    60.0    -3.57  19.36      -6.72  -8.10      16.85  22.45       7.30   4.25  
    62.6    -3.90  17.67      -5.90  -7.41      15.48  22.77       7.05   4.30  
    65.2    -4.29  15.83      -5.04  -6.72      14.08  22.92       6.75   4.36  
    67.8    -4.74  13.87      -4.16  -6.03      12.67  22.89       6.41   4.42  
    70.4    -5.24  11.80      -3.27  -5.35      11.25  22.67       6.04   4.48  
    73.0    -5.79   9.65      -2.37  -4.68       9.84  22.26       5.64   4.55  
    75.7    -6.40   7.45      -1.49  -4.02       8.45  21.68       5.21   4.63  
    78.3    -7.04   5.22      -0.62  -3.38       7.08  20.93       4.77   4.72  
    80.9    -7.72   2.99       0.22  -2.76       5.75  20.01       4.32   4.82  
    83.5    -8.42   0.77       1.02  -2.17       4.47  18.93       3.86   4.94  
    86.1    -9.14  -1.40       1.77  -1.60       3.23  17.71       3.41   5.08  
    88.7    -9.86  -3.50       2.45  -1.07       2.06  16.36       2.97   5.24  
    91.3   -10.57  -5.52       3.08  -0.57       0.95  14.90       2.55   5.43  
    93.9   -11.26  -7.43       3.63  -0.10      -0.10  13.33       2.14   5.64  
    96.5   -11.92  -9.21       4.10   0.32      -1.07  11.69       1.76   5.88  
    99.1   -12.54 -10.84       4.49   0.71      -1.97   9.98       1.42   6.15  
   101.7   -13.10 -12.32       4.80   1.06      -2.80   8.23       1.10   6.46  
   104.3   -13.59 -13.62       5.02   1.36      -3.54   6.46       0.82   6.79  
   107.0   -14.01 -14.74       5.16   1.63      -4.21   4.68       0.59   7.16  
   109.6   -14.34 -15.66       5.22   1.85      -4.79   2.92       0.39   7.57  
   112.2   -14.57 -16.39       5.20   2.03      -5.30   1.19       0.24   8.00  
   114.8   -14.71 -16.93       5.10   2.18      -5.73  -0.48       0.13   8.47  
   117.4   -14.74 -17.26       4.93   2.29      -6.09  -2.08       0.06   8.97  
   120.0   -14.67 -17.39       4.70   2.36      -6.37  -3.60       0.05   9.50  
   122.6   -14.48 -17.34       4.42   2.40      -6.58  -5.01       0.07  10.06  
   125.2   -14.19 -17.10       4.08   2.42      -6.71  -6.30       0.14  10.64  
   127.8   -13.79 -16.70       3.70   2.40      -6.78  -7.46       0.26  11.24  
   130.4   -13.29 -16.13       3.30   2.36      -6.79  -8.48       0.42  11.86  
   133.0   -12.69 -15.42       2.87   2.30      -6.73  -9.35       0.62  12.50  
   135.7   -12.01 -14.58       2.43   2.22      -6.61 -10.06       0.86  13.14  
   138.3   -11.24 -13.63       1.99   2.12      -6.44 -10.61       1.14  13.79  
   140.9   -10.41 -12.59       1.57   2.01      -6.22 -11.00       1.45  14.44  
   143.5    -9.53 -11.48       1.15   1.89      -5.96 -11.21       1.78  15.08  
   146.1    -8.60 -10.32       0.77   1.76      -5.66 -11.25       2.15  15.71  
   148.7    -7.65  -9.14       0.42   1.63      -5.32 -11.14       2.53  16.32  
   151.3    -6.68  -7.96       0.12   1.49      -4.95 -10.85       2.92  16.91  
   153.9    -5.73  -6.79      -0.14   1.35      -4.55 -10.42       3.32  17.47  
   156.5    -4.79  -5.65      -0.34   1.20      -4.13  -9.84       3.71  18.00  
   159.1    -3.90  -4.58      -0.49   1.06      -3.70  -9.12       4.09  18.48  
   161.7    -3.06  -3.59      -0.58   0.92      -3.25  -8.27       4.46  18.92  
   164.3    -2.30  -2.68      -0.62   0.79      -2.80  -7.31       4.79  19.32  
   167.0    -1.63  -1.89      -0.60   0.65      -2.34  -6.25       5.09  19.66  
   169.6    -1.06  -1.23      -0.54   0.52      -1.87  -5.10       5.35  19.94  
   172.2    -0.60  -0.70      -0.44   0.39      -1.41  -3.89       5.56  20.16  
   174.8    -0.27  -0.31      -0.31   0.26      -0.94  -2.62       5.71  20.32  
   177.4    -0.07  -0.08      -0.16   0.13      -0.47  -1.32       5.80  20.42  
   180.0     0.00  -0.00       0.00   0.00      -0.00  -0.00       5.84  20.45  

  Enter observable (or MULT), -Return for choices -> Messages can be sent to: 
 mparis@gwu.edu or rworkman@gwu.edu
 Thanks for using SAID
 The SAID files can be retrieved through MAIL
 by entering "M". Enter "M" or RETURN(to skip)->