pdesaid.f:2122:17:

 2113 |       CALL DATA1(IRR,1,MTRN)
      |                 2
......
 2122 |       CALL DATA1(X,-14,MTRN)
      |                 1
Warning: Type mismatch between actual argument at (1) and actual argument at (2) (REAL(4)/INTEGER(4)).
pdesaid.f:2135:17:

 2094 |       CALL DATA2(EMIN,1,EMAX,1,MTRN)
      |                 2
......
 2135 |       CALL DATA2(NYI,1,NYF,1,MTRN)
      |                 1
Warning: Type mismatch between actual argument at (1) and actual argument at (2) (INTEGER(4)/REAL(4)).
pdesaid.f:2135:23:

 2094 |       CALL DATA2(EMIN,1,EMAX,1,MTRN)
      |                        2
......
 2135 |       CALL DATA2(NYI,1,NYF,1,MTRN)
      |                       1
Warning: Type mismatch between actual argument at (1) and actual argument at (2) (INTEGER(4)/REAL(4)).
pdesaid.f:2143:17:

 2113 |       CALL DATA1(IRR,1,MTRN)
      |                 2
......
 2143 |       CALL DATA1(IREF,-24,MTRN)
      |                 1
Warning: Rank mismatch between actual argument at (1) and actual argument at (2) (scalar and rank-1)
pdesaid.f:2315:16:

 2202 |       CALL XCHG(ISR1,VAR(9))
      |                2
......
 2315 |       CALL XCHG(HPP,MTTL(IR))
      |                1
Warning: Type mismatch between actual argument at (1) and actual argument at (2) (REAL(4)/INTEGER(4)).
pdesaid.f:2315:20:

 2202 |       CALL XCHG(ISR1,VAR(9))
      |                     2
......
 2315 |       CALL XCHG(HPP,MTTL(IR))
      |                    1
Warning: Type mismatch between actual argument at (1) and actual argument at (2) (INTEGER(4)/REAL(4)).
pdesaid.f:1698:17:

 1698 |       CALL DATA1(NBT,100,MTRN)
      |                 1
......
 2113 |       CALL DATA1(IRR,1,MTRN)
      |                 2
Warning: Rank mismatch between actual argument at (1) and actual argument at (2) (scalar and rank-1)
pdesaid.f:1785:22:

 1785 |       CALL DATA2(NL,1,YZ,4,M)
      |                      1
......
 2094 |       CALL DATA2(EMIN,1,EMAX,1,MTRN)
      |                        2
Warning: Rank mismatch between actual argument at (1) and actual argument at (2) (scalar and rank-1)
pdesaid.f:2553:29:

 1681 |       CALL DATA3(ZJ,1,ZNF,1,ERMTX,50,MTRN)
      |                            2 
......
 2553 |       CALL DATA3(TMIN,1,DT,1,TMAX,1,MTRN)
      |                             1
Warning: Rank mismatch between actual argument at (1) and actual argument at (2) (rank-1 and scalar)
pdesaid.f:3025:38:

 2900 |       CALL SYMBOL(2.6,1.6,0.1,DTTL,0.0,30)
      |                              2        
......
 3025 |       CALL SYMBOL(XL+2.4,YB-0.25,0.15,' E@d#q#@@(MeV)',0.0,14)
      |                                      1
Warning: Type mismatch between actual argument at (1) and actual argument at (2) (CHARACTER(14)/REAL(4)).
pdesaid.f:3577:17:

 2094 |       CALL DATA2(EMIN,1,EMAX,1,MTRN)
      |                 2
......
 3577 |       CALL DATA2(DUM,3,E,40,M)
      |                 1
Warning: Rank mismatch between actual argument at (1) and actual argument at (2) (scalar and rank-1)
pdesaid.f:3577:23:

 2094 |       CALL DATA2(EMIN,1,EMAX,1,MTRN)
      |                        2
......
 3577 |       CALL DATA2(DUM,3,E,40,M)
      |                       1
Warning: Rank mismatch between actual argument at (1) and actual argument at (2) (scalar and rank-1)
pdesaid.f:4425:23:

 2094 |       CALL DATA2(EMIN,1,EMAX,1,MTRN)
      |                        2
......
 4425 |       CALL DATA2(XXK,1,XHA,3,MTRN)
      |                       1
Warning: Rank mismatch between actual argument at (1) and actual argument at (2) (scalar and rank-1)
pdesaid.f:1887:31:

 1668 |       IF(TITLE(2).EQ.HPPD) CALL PPDAMP(-27.0,1,1,1,DUM,DUM)
      |                                                   2
......
 1887 |       CALL PPDAMP(TLB,IR,NP,LL,TR,TI)
      |                               1
Warning: Rank mismatch between actual argument at (1) and actual argument at (2) (scalar and rank-1)
pdesaid.f:1887:34:

 1668 |       IF(TITLE(2).EQ.HPPD) CALL PPDAMP(-27.0,1,1,1,DUM,DUM)
      |                                                       2
......
 1887 |       CALL PPDAMP(TLB,IR,NP,LL,TR,TI)
      |                                  1
Warning: Rank mismatch between actual argument at (1) and actual argument at (2) (scalar and rank-1)
pdesaid.f:4087:17:

 1681 |       CALL DATA3(ZJ,1,ZNF,1,ERMTX,50,MTRN)
      |                 2
......
 4087 |       CALL DATA3(NY1,1,NYI,1,NYF,1,M)
      |                 1
Warning: Type mismatch between actual argument at (1) and actual argument at (2) (INTEGER(4)/REAL(4)).
pdesaid.f:4087:23:

 1681 |       CALL DATA3(ZJ,1,ZNF,1,ERMTX,50,MTRN)
      |                      2 
......
 4087 |       CALL DATA3(NY1,1,NYI,1,NYF,1,M)
      |                       1
Warning: Type mismatch between actual argument at (1) and actual argument at (2) (INTEGER(4)/REAL(4)).
pdesaid.f:4087:29:

 1681 |       CALL DATA3(ZJ,1,ZNF,1,ERMTX,50,MTRN)
      |                            2 
......
 4087 |       CALL DATA3(NY1,1,NYI,1,NYF,1,M)
      |                             1
Warning: Type mismatch between actual argument at (1) and actual argument at (2) (INTEGER(4)/REAL(4)).
pdesaid.f:4120:17:

 2113 |       CALL DATA1(IRR,1,MTRN)
      |                 2
......
 4120 |       CALL DATA1(ITZ,NOBS,M)
      |                 1
Warning: Rank mismatch between actual argument at (1) and actual argument at (2) (scalar and rank-1)
pdesaid.f:3721:17:

 2113 |       CALL DATA1(IRR,1,MTRN)
      |                 2
......
 3721 |       CALL DATA1(ITZ,NOBS,M)
      |                 1
Warning: Rank mismatch between actual argument at (1) and actual argument at (2) (scalar and rank-1)
pdesaid.f:3857:31:

 2900 |       CALL SYMBOL(2.6,1.6,0.1,DTTL,0.0,30)
      |                              2 
......
 3857 |       CALL SYMBOL(4.0,-0.8,0.2,HPP,0.0,4)
      |                               1
Warning: Rank mismatch between actual argument at (1) and actual argument at (2) (rank-1 and scalar)
pdesaid.f:5305:28:

 1681 |       CALL DATA3(ZJ,1,ZNF,1,ERMTX,50,MTRN)
      |                            2
......
 5305 |       CALL DATA3(ZNL,1,ZJ,1,PX,1,MTRN)
      |                            1
Warning: Rank mismatch between actual argument at (1) and actual argument at (2) (rank-1 and scalar)
pdesaid.f:4848:31:

 1681 |       CALL DATA3(ZJ,1,ZNF,1,ERMTX,50,MTRN)
      |                            2   
......
 4848 |       CALL DATA3(XMIN,1,XINC,1,XMAX,1,MTRN)
      |                               1
Warning: Rank mismatch between actual argument at (1) and actual argument at (2) (rank-1 and scalar)
pdesaid.f:4891:33:

 1681 |       CALL DATA3(ZJ,1,ZNF,1,ERMTX,50,MTRN)
      |                            2     
......
 4891 |       CALL DATA3(XFMIN,1,XFINC,1,XFMAX,1,MTRN)
      |                                 1
Warning: Rank mismatch between actual argument at (1) and actual argument at (2) (rank-1 and scalar)
pdesaid.f:5045:29:

 2900 |       CALL SYMBOL(2.6,1.6,0.1,DTTL,0.0,30)
      |                              2
......
 5045 |       CALL SYMBOL(-.6,-.2,.1,TTL,0.,9)
      |                             1
Warning: Rank mismatch between actual argument at (1) and actual argument at (2) (rank-1 and scalar)
pdesaid.f:5047:29:

 2900 |       CALL SYMBOL(2.6,1.6,0.1,DTTL,0.0,30)
      |                              2
......
 5047 |       CALL SYMBOL(5.2,-.2,.1,TTL,0.,9)
      |                             1
Warning: Rank mismatch between actual argument at (1) and actual argument at (2) (rank-1 and scalar)
pdesaid.f:5050:28:

 2900 |       CALL SYMBOL(2.6,1.6,0.1,DTTL,0.0,30)
      |                              2
......
 5050 |       CALL SYMBOL(2.,-.3,.1,TTL,0.,21)
      |                            1
Warning: Rank mismatch between actual argument at (1) and actual argument at (2) (rank-1 and scalar)
pdesaid.f:5056:28:

 2900 |       CALL SYMBOL(2.6,1.6,0.1,DTTL,0.0,30)
      |                              2
......
 5056 |       CALL SYMBOL(.5,4.1,.1,TTL,0.,11)
      |                            1
Warning: Rank mismatch between actual argument at (1) and actual argument at (2) (rank-1 and scalar)
pdesaid.f:5058:31:

 2900 |       CALL SYMBOL(2.6,1.6,0.1,DTTL,0.0,30)
      |                              2 
......
 5058 |       CALL SYMBOL(-1.05,.05,.1,TTL,0.,9)
      |                               1
Warning: Rank mismatch between actual argument at (1) and actual argument at (2) (rank-1 and scalar)
pdesaid.f:5060:32:

 2900 |       CALL SYMBOL(2.6,1.6,0.1,DTTL,0.0,30)
      |                              2  
......
 5060 |       CALL SYMBOL(-1.05,3.95,.1,TTL,0.,9)
      |                                1
Warning: Rank mismatch between actual argument at (1) and actual argument at (2) (rank-1 and scalar)
pdesaid.f:5090:29:

 2900 |       CALL SYMBOL(2.6,1.6,0.1,DTTL,0.0,30)
      |                              2
......
 5090 |       CALL SYMBOL(3.5,4.1,.1,TTL,0.,11)
      |                             1
Warning: Rank mismatch between actual argument at (1) and actual argument at (2) (rank-1 and scalar)
pdesaid.f:5095:29:

 2900 |       CALL SYMBOL(2.6,1.6,0.1,DTTL,0.0,30)
      |                              2
......
 5095 |       CALL SYMBOL(1.9,4.1,.1,TTL,0.,13)
      |                             1
Warning: Rank mismatch between actual argument at (1) and actual argument at (2) (rank-1 and scalar)
pdesaid.f:5142:27:

 2900 |       CALL SYMBOL(2.6,1.6,0.1,DTTL,0.0,30)
      |                              2
......
 5142 |       CALL SYMBOL(-1.,Y,.1,TTL,0.,8)
      |                           1
Warning: Rank mismatch between actual argument at (1) and actual argument at (2) (rank-1 and scalar)
pdesaid.f:5509:29:

 1681 |       CALL DATA3(ZJ,1,ZNF,1,ERMTX,50,MTRN)
      |                            2 
......
 5509 |       CALL DATA3(ZMIN,1,DZ,1,ZMAX,1,MTRN)
      |                             1
Warning: Rank mismatch between actual argument at (1) and actual argument at (2) (rank-1 and scalar)
pdesaid.f:5843:17:

 3845 |       CALL ASYMB('TLAB',2.2,-0.35,0.2,0.0)
      |                 2
......
 5843 |       CALL ASYMB(HH,-0.1,2.0,0.2,90.0)
      |                 1
Warning: Type mismatch between actual argument at (1) and actual argument at (2) (REAL(4)/CHARACTER(*)).
pdesaid.f:175:31:

  175 |       CALL DATA3(XMIN,1,XINC,1,XMAX,1,MTRN)
      |                               1
......
 1681 |       CALL DATA3(ZJ,1,ZNF,1,ERMTX,50,MTRN)
      |                            2   
Warning: Rank mismatch between actual argument at (1) and actual argument at (2) (rank-1 and scalar)
pdesaid.f:298:17:

  298 |       CALL DATA1(MSG,8,MTRN)
      |                 1
......
 2113 |       CALL DATA1(IRR,1,MTRN)
      |                 2
Warning: Rank mismatch between actual argument at (1) and actual argument at (2) (scalar and rank-1)
pdesaid.f:494:17:

  494 |       CALL DATA1(MSG,-24,MTRN)
      |                 1
......
 2113 |       CALL DATA1(IRR,1,MTRN)
      |                 2
Warning: Rank mismatch between actual argument at (1) and actual argument at (2) (scalar and rank-1)
pdesaid.f:722:44:

  722 |       IF(IDV.EQ.5) CALL SYMBOL(2.0,-0.3,0.2,HIND,0.0,4)
      |                                            1
......
 2900 |       CALL SYMBOL(2.6,1.6,0.1,DTTL,0.0,30)
      |                              2              
Warning: Rank mismatch between actual argument at (1) and actual argument at (2) (rank-1 and scalar)
pdesaid.f:818:61:

  818 |       IF(IDV.EQ.2) CALL LABCM(TEX(I),PLX,WCX,Z,ZZ,WPI,WDDLDC)
      |                                                             1
Warning: Missing actual argument for argument '_formal_7' at (1)
pdeu.f:121:33-44:

  121 |       READ(NINX,100,END=99) (VAR(J),J=13,30)
      |                                 1          2
Warning: Array reference at (1) out of bounds (30 > 20) in loop beginning at (2)
pdeu.f:313:22:

  313 |       CALL DATA3(NJ,1,NFX,1,DUM,50,M)
      |                      1
......
  917 |       CALL DATA3(NE,1,E1,1,DE,1,M)
      |                      2
Warning: Type mismatch between actual argument at (1) and actual argument at (2) (INTEGER(4)/REAL(4)).
pdeu.f:313:28:

  313 |       CALL DATA3(NJ,1,NFX,1,DUM,50,M)
      |                            1
......
  917 |       CALL DATA3(NE,1,E1,1,DE,1,M)
      |                           2 
Warning: Rank mismatch between actual argument at (1) and actual argument at (2) (scalar and rank-1)
pdeu.f:322:35:

  322 |       CALL PDEAMP(0.0,TRE,TIE,TTLE)
      |                                   1
Warning: Type mismatch in argument 'ntl' at (1); passed REAL(4) to INTEGER(4)
pdeu.f:323:35:

  323 |       CALL PIDAMP(0.0,TRP,TIP,TTLP)
      |                                   1
Warning: Type mismatch in argument 'ntl' at (1); passed REAL(4) to INTEGER(4)
pdeu.f:344:35:

  344 |       CALL PDEAMP(TLB,TRE,TIE,TTLE)
      |                                   1
Warning: Type mismatch in argument 'ntl' at (1); passed REAL(4) to INTEGER(4)
pdeu.f:354:35:

  354 |    36 CALL PIDAMP(TLB,TRP,TIP,TTLP)
      |                                   1
Warning: Type mismatch in argument 'ntl' at (1); passed REAL(4) to INTEGER(4)
