saidopen.f
saidmnu.f
pwprt.f
sddraw.f
drwfil.f
axy.f
xyofm.f
saidps.f
saidpsx.f
saidlog.f
candpps.f
apltps.f
symbpsx.f
agtops.f
colorpsx.f
seterm.f
hp.f
color.f
toutpt.f
tptxw.f
symbol.f
plot.f
plotxw.f
xwset.f
tpt.f
dcursr.f
hpxw.f
clrset.f
hpc.f
poutpt.f
colrx.f
cursr.f
exit.f
symb.f
symbx.f
asymb.f
candpps.f
apltps.f
symbps.f
agtops.f
colorps.f
xyofm.f
ginp.f
flt.f
fltx.f
intfp.f
fpint.f
dataf.f
datai.f
data1.f
data2.f
data3.f
data4.f
data5.f
data6.f
data7.f
data8.f
cdata.f
daterr.f
gon.f
hpset.f
random.f
ran1.f
gauspc.f
prob.f
setinc.f
xchg.f
datea.f
kcvrt.f
labcm.f
alcvt.f
tdelay.f
number.f
float.f
errsr4.f
scale.f
factor.f
axis.f
picz.f
draw.f
pent.f
polyg.f
arrow.f
box.f
tptc.f
plotc.f
symbnr.f
drawc2.f
drawc1.f
drawg1.f
drawg2.f
drawc3.f
drawc.f
iaofc.f
syminv.f
mult.f
cmsinv.f
mcmcv.f
cmfn.f
qkofw.f
alg.f
sqz.f
cmfnr.f
qjofx.f
pjofx.f
caps.f
npwtos.f
simp.f
fsimp.f
pvint.f
drescl.f
rddta.f
polyft.f
movbt.f
match.f
tput.f
